Microchip MPLAB XC8 Compiler V2.20

Linker command line:

-W-3 --edf=/Applications/microchip/xc8/v2.20/pic/dat/en_msgs.txt -cn \
  -h+dist/default/production/14_timer0.X.production.sym \
  --cmf=dist/default/production/14_timer0.X.production.cmf -z -Q16F628A \
  -o/tmp/xcSS5M4O7 --defsym=__MPLAB_BUILD=1 \
  -Mdist/default/production/14_timer0.X.production.map -E1 \
  -ver=XC8 Compiler --acfsm=1493 -ASTACK=020h-06Fh -pstack=STACK \
  -ACODE=00h-07FFh -ASTRCODE=00h-07FFh -ASTRING=00h-0FFhx8 \
  -ACONST=00h-0FFhx8 -AENTRY=00h-0FFhx8 -ACOMMON=070h-07Fh \
  -ABANK0=020h-06Fh -ABANK1=0A0h-0EFh -ABANK2=0120h-014Fh \
  -ARAM=020h-06Fh,0A0h-0EFh,0120h-014Fh \
  -AABS1=020h-07Fh,0A0h-0EFh,0120h-014Fh -ASFR0=00h-01Fh -ASFR1=080h-09Fh \
  -ASFR2=0100h-011Fh -ASFR3=0180h-01EFh -ACONFIG=02007h-02007h -DCONFIG=2 \
  -AIDLOC=02000h-02003h -DIDLOC=2 \
  -preset_vec=00h,intentry=04h,init,end_init -ppowerup=CODE -pcinit=CODE \
  -pfunctab=ENTRY -AEEDATA=00h-07Fh/02100h -peeprom_data=EEDATA -DEEDATA=2 \
  -DCODE=2 -DSTRCODE=2 -DSTRING=2 -DCONST=2 -DENTRY=2 -k /tmp/xcSjAGSXe.o \
  dist/default/production/14_timer0.X.production.o 

Object code version is 3.11

Machine type is 16F628A



                Name                               Link     Load   Length Selector   Space Scale
/tmp/xcSjAGSXe.o
                end_init                              A        A        1        8       0
                reset_vec                             0        0        1        0       0
                config                             2007     2007        1        0       4
dist/default/production/14_timer0.X.production.o
                cinit                                 B        B        4        8       0
                intentry                              4        4        6        8       0
                config                             2007     2007        1        0       4
                text1                                33       33       1D        8       0
                maintext                              F        F       24        8       0
                cstackCOMMON                         70       70        6       70       1
                dataCOMMON                           76       76        1       70       1
                idataCOMMON                          50       50        1        8       0

TOTAL           Name                               Link     Load   Length     Space
        CLASS   STACK          

        CLASS   CODE           
                end_init                              A        A        1         0
                cinit                                 B        B        4         0
                intentry                              4        4        6         0
                reset_vec                             0        0        1         0
                text1                                33       33       1D         0
                maintext                              F        F       24         0
                idataCOMMON                          50       50        1         0

        CLASS   STRCODE        

        CLASS   STRING         

        CLASS   CONST          

        CLASS   ENTRY          

        CLASS   COMMON         
                cstackCOMMON                         70       70        6         1
                dataCOMMON                           76       76        1         1

        CLASS   BANK0          

        CLASS   BANK1          

        CLASS   BANK2          

        CLASS   RAM            

        CLASS   ABS1           
                abs_s1                               7E       7E        2         1

        CLASS   SFR0           

        CLASS   SFR1           

        CLASS   SFR2           

        CLASS   SFR3           

        CLASS   CONFIG         
                config                             2007     2007        1         4

        CLASS   IDLOC          

        CLASS   EEDATA         

        CLASS   BANK3          



SEGMENTS        Name                           Load    Length   Top    Selector   Space  Class     Delta

                reset_vec                      000000  000001  000001         0       0  CODE        2
                intentry                       000004  00004D  000051         8       0  CODE        2
                cstackCOMMON                   000070  000007  000077        70       1  COMMON      1


UNUSED ADDRESS RANGES

        Name                Unused          Largest block    Delta
        BANK0            0020-006F             50           1
        BANK1            00A0-00EF             50           1
        BANK2            0120-014F             30           1
        CODE             0001-0003              3           2
                         0051-07FF            7AF
        COMMON           0077-007D              7           1
        CONST            0001-0003              3           2
                         0051-07FF            100
        EEDATA           2100-217F             80           2
        ENTRY            0001-0003              3           2
                         0051-07FF            100
        IDLOC            2000-2003              4           2
        RAM              0020-006F             50           1
                         00A0-00EF             50
                         0120-014F             30
        SFR0             0000-001F             20           1
        SFR1             0080-009F             20           1
        SFR2             0100-011F             20           1
        SFR3             0180-01EF             70           1
        STACK            0020-006F             50           1
        STRCODE          0001-0003              3           2
                         0051-07FF            7AF
        STRING           0001-0003              3           2
                         0051-07FF            100

                                  Symbol Table

_INTCONbits                  (abs)        000B
_OPTION_REG                  (abs)        0081
_PORTB                       (abs)        0006
_T0IF                        (abs)        005A
_TMR0                        (abs)        0001
_TRISB                       (abs)        0086
__Habs1                      abs1         0000
__Hbank0                     bank0        0000
__Hbank1                     bank1        0000
__Hbank2                     bank2        0000
__Hbank3                     bank3        0000
__Hcinit                     cinit        000F
__Hclrtext                   clrtext      0000
__Hcode                      code         0000
__Hcommon                    common       0000
__Hconfig                    config       2008
__HcstackCOMMON              cstackCOMMON 0000
__HdataCOMMON                dataCOMMON   0000
__Heeprom_data               eeprom_data  0000
__Hend_init                  end_init     000B
__Hfunctab                   functab      0000
__HidataCOMMON               idataCOMMON  0000
__Hinit                      init         000A
__Hintentry                  intentry     000A
__Hmaintext                  maintext     0000
__Hpowerup                   powerup      0000
__Hram                       ram          0000
__Hreset_vec                 reset_vec    0001
__Hsfr0                      sfr0         0000
__Hsfr1                      sfr1         0000
__Hsfr2                      sfr2         0000
__Hsfr3                      sfr3         0000
__Hspace_0                   (abs)        0051
__Hspace_1                   (abs)        0077
__Hspace_2                   (abs)        0000
__Hspace_3                   (abs)        0000
__Hspace_4                   (abs)        400F
__Hstack                     stack        0000
__Hstrings                   strings      0000
__Htext                      text         0000
__Labs1                      abs1         0000
__Lbank0                     bank0        0000
__Lbank1                     bank1        0000
__Lbank2                     bank2        0000
__Lbank3                     bank3        0000
__Lcinit                     cinit        000B
__Lclrtext                   clrtext      0000
__Lcode                      code         0000
__Lcommon                    common       0000
__Lconfig                    config       0000
__LcstackCOMMON              cstackCOMMON 0000
__LdataCOMMON                dataCOMMON   0000
__Leeprom_data               eeprom_data  0000
__Lend_init                  end_init     000A
__Lfunctab                   functab      0000
__LidataCOMMON               idataCOMMON  0000
__Linit                      init         000A
__Lintentry                  intentry     0004
__Lmaintext                  maintext     0000
__Lpowerup                   powerup      0000
__Lram                       ram          0000
__Lreset_vec                 reset_vec    0000
__Lsfr0                      sfr0         0000
__Lsfr1                      sfr1         0000
__Lsfr2                      sfr2         0000
__Lsfr3                      sfr3         0000
__Lspace_0                   (abs)        0000
__Lspace_1                   (abs)        0000
__Lspace_2                   (abs)        0000
__Lspace_3                   (abs)        0000
__Lspace_4                   (abs)        0000
__Lstack                     stack        0000
__Lstrings                   strings      0000
__Ltext                      text         0000
__S0                         (abs)        0051
__S1                         (abs)        0077
__S2                         (abs)        0000
__S3                         (abs)        0000
___int_sp                    stack        0000
___latbits                   (abs)        0000
___sp                        stack        0000
___stackhi                   (abs)        0000
___stacklo                   (abs)        0000
__end_of__initialization     cinit        000D
__end_of_main                maintext     0033
__end_of_myInterruptHnadler  text1        0050
__initialization             cinit        000B
__pcstackCOMMON              cstackCOMMON 0070
__pdataCOMMON                dataCOMMON   0076
__pidataCOMMON               idataCOMMON  0050
__pintentry                  intentry     0004
__pmaintext                  maintext     000F
__ptext1                     text1        0033
__size_of_main               (abs)        0000
__size_of_myInterruptHnadler (abs)        0000
_counter                     dataCOMMON   0076
_main                        maintext     000F
_myInterruptHnadler          text1        0033
btemp                        (abs)        007E
end_of_initialization        cinit        000D
interrupt_function           intentry     0004
intlevel0                    functab      0000
intlevel1                    functab      0000
intlevel2                    functab      0000
intlevel3                    functab      0000
intlevel4                    functab      0000
intlevel5                    functab      0000
reset_vec                    reset_vec    0000
saved_w                      (abs)        007E
start                        init         000A
start_initialization         cinit        000B
wtemp0                       (abs)        007E


FUNCTION INFORMATION:

 *************** function _main *****************
 Defined at:
		line 61 in file "main.c"
 Parameters:    Size  Location     Type
		None
 Auto vars:     Size  Location     Type
		None
 Return value:  Size  Location     Type
                  1    wreg      void 
 Registers used:
		wreg, status,2, status,0
 Tracked objects:
		On entry : 
		On exit  : 
		Unchanged: 
 Data sizes:     COMMON   BANK0   BANK1   BANK2
      Params:         0       0       0       0
      Locals:         0       0       0       0
      Temps:          3       0       0       0
      Totals:         3       0       0       0
Total ram usage:        3 bytes
 Hardware stack levels required when called:    1
 This function calls:
		Nothing
 This function is called by:
		Startup code after reset
 This function uses a non-reentrant model


 *************** function _myInterruptHnadler *****************
 Defined at:
		line 81 in file "main.c"
 Parameters:    Size  Location     Type
		None
 Auto vars:     Size  Location     Type
		None
 Return value:  Size  Location     Type
                  1    wreg      void 
 Registers used:
		wreg, status,2, status,0
 Tracked objects:
		On entry : 
		On exit  : 
		Unchanged: 
 Data sizes:     COMMON   BANK0   BANK1   BANK2
      Params:         0       0       0       0
      Locals:         0       0       0       0
      Temps:          3       0       0       0
      Totals:         3       0       0       0
Total ram usage:        3 bytes
 Hardware stack levels used:    1
 This function calls:
		Nothing
 This function is called by:
		Interrupt level 1
 This function uses a non-reentrant model



MODULE INFORMATION

Module		Function		Class		Link	Load	Size
shared
		__initialization		CODE           	000B	0000	3

shared estimated size: 3

main.c
		_myInterruptHnadler		CODE           	0033	0000	30
		_main          		CODE           	000F	0000	37

main.c estimated size: 67

