Microchip MPLAB XC8 Compiler V2.20

Linker command line:

-W-3 --edf=/Applications/microchip/xc8/v2.20/pic/dat/en_msgs.txt -cn \
  -h+dist/default/production/captureCompareExercise.X.production.sym \
  --cmf=dist/default/production/captureCompareExercise.X.production.cmf -z \
  -Q16F877A -o/tmp/xcULAGZrV --defsym=__MPLAB_BUILD=1 \
  -Mdist/default/production/captureCompareExercise.X.production.map -E1 \
  -ver=XC8 Compiler --acfsm=1493 -ASTACK=0110h-016Fh -pstack=STACK \
  -ACODE=00h-07FFhx4 -ASTRCODE=00h-01FFFh -ASTRING=00h-0FFhx32 \
  -ACONST=00h-0FFhx32 -AENTRY=00h-0FFhx32 -ACOMMON=070h-07Fh \
  -ABANK0=020h-06Fh -ABANK1=0A0h-0EFh -ABANK2=0110h-016Fh \
  -ABANK3=0190h-01EFh -ARAM=020h-06Fh,0A0h-0EFh,0110h-016Fh,0190h-01EFh \
  -AABS1=020h-07Fh,0A0h-0EFh,0110h-016Fh,0190h-01EFh -ASFR0=00h-01Fh \
  -ASFR1=080h-09Fh -ASFR2=0100h-010Fh -ASFR3=0180h-018Fh \
  -ACONFIG=02007h-02007h -DCONFIG=2 -AIDLOC=02000h-02003h -DIDLOC=2 \
  -preset_vec=00h,intentry=04h,init,end_init -ppowerup=CODE -pcinit=CODE \
  -pfunctab=ENTRY -AEEDATA=00h-0FFh/02100h -peeprom_data=EEDATA -DEEDATA=2 \
  -DCODE=2 -DSTRCODE=2 -DSTRING=2 -DCONST=2 -DENTRY=2 -k /tmp/xcAfzSRZW.o \
  dist/default/production/captureCompareExercise.X.production.o 

Object code version is 3.11

Machine type is 16F877A



                Name                               Link     Load   Length Selector   Space Scale
/tmp/xcAfzSRZW.o
                end_init                              E        E        3        8       0
                reset_vec                             0        0        3        0       0
                config                             2007     2007        1        0       4
dist/default/production/captureCompareExercise.X.production.o
                cinit                                11       11        D        8       0
                intentry                              4        4        A        8       0
                config                             2007     2007        1        0       4
                text9                                F2       F2       9D        8       0
                text8                               1E2      1E2        7        8       0
                text7                               1CE      1CE        B        8       0
                text6                               1A9      1A9        F        8       0
                text5                               1E9      1E9        6        8       0
                text4                               1C3      1C3        B        8       0
                text3                                1E       1E       D4        8       0
                text2                               1B8      1B8        B        8       0
                text1                               1D9      1D9        9        8       0
                maintext                            18F      18F       1A        8       0
                cstackBANK0                          20       20       11       20       1
                cstackCOMMON                         70       70        9       70       1
                dataCOMMON                           7C       7C        1       70       1
                bssCOMMON                            79       79        3       70       1
                idataCOMMON                         1EF      1EF        1        8       0

TOTAL           Name                               Link     Load   Length     Space
        CLASS   STACK          

        CLASS   CODE           
                end_init                              E        E        3         0
                cinit                                11       11        D         0
                intentry                              4        4        A         0
                reset_vec                             0        0        3         0
                text9                                F2       F2       9D         0
                text8                               1E2      1E2        7         0
                text7                               1CE      1CE        B         0
                text6                               1A9      1A9        F         0
                text5                               1E9      1E9        6         0
                text4                               1C3      1C3        B         0
                text3                                1E       1E       D4         0
                text2                               1B8      1B8        B         0
                text1                               1D9      1D9        9         0
                maintext                            18F      18F       1A         0
                idataCOMMON                         1EF      1EF        1         0

        CLASS   STRCODE        

        CLASS   STRING         

        CLASS   CONST          

        CLASS   ENTRY          

        CLASS   COMMON         
                cstackCOMMON                         70       70        9         1
                dataCOMMON                           7C       7C        1         1
                bssCOMMON                            79       79        3         1

        CLASS   BANK0          
                cstackBANK0                          20       20       11         1

        CLASS   BANK1          

        CLASS   BANK2          

        CLASS   BANK3          

        CLASS   RAM            

        CLASS   ABS1           
                abs_s1                               7E       7E        2         1

        CLASS   SFR0           

        CLASS   SFR1           

        CLASS   SFR2           

        CLASS   SFR3           

        CLASS   CONFIG         
                config                             2007     2007        1         4

        CLASS   IDLOC          

        CLASS   EEDATA         



SEGMENTS        Name                           Load    Length   Top    Selector   Space  Class     Delta

                reset_vec                      000000  000003  000003         0       0  CODE        2
                cstackBANK0                    000020  000011  000031        20       1  BANK0       1
                intentry                       000004  0001EC  0001F0         8       0  CODE        2
                cstackCOMMON                   000070  00000D  00007D        70       1  COMMON      1


UNUSED ADDRESS RANGES

        Name                Unused          Largest block    Delta
        BANK0            0031-006F             3F           1
        BANK1            00A0-00EF             50           1
        BANK2            0110-016F             60           1
        BANK3            0190-01EF             60           1
        CODE             0003-0003              1           2
                         01F0-1FFF            800
        COMMON           007D-007D              1           1
        CONST            0003-0003              1           2
                         01F0-1FFF            100
        EEDATA           2100-21FF            100           2
        ENTRY            0003-0003              1           2
                         01F0-1FFF            100
        IDLOC            2000-2003              4           2
        RAM              0031-006F             3F           1
                         00A0-00EF             50
                         0110-016F             60
                         0190-01EF             60
        SFR0             0000-001F             20           1
        SFR1             0080-009F             20           1
        SFR2             0100-010F             10           1
        SFR3             0180-018F             10           1
        STACK            0110-016F             60           1
        STRCODE          0003-0003              1           2
                         01F0-1FFF           1E10
        STRING           0003-0003              1           2
                         01F0-1FFF            100

                                  Symbol Table

?___aldiv                    cstackCOMMON 0070
_CCP1CONbits                 (abs)        0017
_CCP1IF                      (abs)        0062
_CCPR1                       (abs)        0015
_INTCONbits                  (abs)        000B
_PIE1bits                    (abs)        008C
_PIR1bits                    (abs)        000C
_PORTB                       (abs)        0006
_RC2                         (abs)        003A
_T1CONbits                   (abs)        0010
_TMR1                        (abs)        000E
_TMR1IF                      (abs)        0060
_TRISB                       (abs)        0086
_TRISC                       (abs)        0087
__Habs1                      abs1         0000
__Hbank0                     bank0        0000
__Hbank1                     bank1        0000
__Hbank2                     bank2        0000
__Hbank3                     bank3        0000
__HbssCOMMON                 bssCOMMON    0000
__Hcinit                     cinit        001E
__Hclrtext                   clrtext      0000
__Hcode                      code         0000
__Hcommon                    common       0000
__Hconfig                    config       2008
__HcstackBANK0               cstackBANK0  0000
__HcstackCOMMON              cstackCOMMON 0000
__HdataCOMMON                dataCOMMON   0000
__Heeprom_data               eeprom_data  0000
__Hend_init                  end_init     0011
__Hfunctab                   functab      0000
__HidataCOMMON               idataCOMMON  0000
__Hinit                      init         000E
__Hintentry                  intentry     000E
__Hmaintext                  maintext     0000
__Hpowerup                   powerup      0000
__Hram                       ram          0000
__Hreset_vec                 reset_vec    0003
__Hsfr0                      sfr0         0000
__Hsfr1                      sfr1         0000
__Hsfr2                      sfr2         0000
__Hsfr3                      sfr3         0000
__Hspace_0                   (abs)        01F0
__Hspace_1                   (abs)        007D
__Hspace_2                   (abs)        0000
__Hspace_3                   (abs)        0000
__Hspace_4                   (abs)        400F
__Hstack                     stack        0000
__Hstrings                   strings      0000
__Htext                      text         0000
__Labs1                      abs1         0000
__Lbank0                     bank0        0000
__Lbank1                     bank1        0000
__Lbank2                     bank2        0000
__Lbank3                     bank3        0000
__LbssCOMMON                 bssCOMMON    0000
__Lcinit                     cinit        0011
__Lclrtext                   clrtext      0000
__Lcode                      code         0000
__Lcommon                    common       0000
__Lconfig                    config       0000
__LcstackBANK0               cstackBANK0  0000
__LcstackCOMMON              cstackCOMMON 0000
__LdataCOMMON                dataCOMMON   0000
__Leeprom_data               eeprom_data  0000
__Lend_init                  end_init     000E
__Lfunctab                   functab      0000
__LidataCOMMON               idataCOMMON  0000
__Linit                      init         000E
__Lintentry                  intentry     0004
__Lmaintext                  maintext     0000
__Lpowerup                   powerup      0000
__Lram                       ram          0000
__Lreset_vec                 reset_vec    0000
__Lsfr0                      sfr0         0000
__Lsfr1                      sfr1         0000
__Lsfr2                      sfr2         0000
__Lsfr3                      sfr3         0000
__Lspace_0                   (abs)        0000
__Lspace_1                   (abs)        0000
__Lspace_2                   (abs)        0000
__Lspace_3                   (abs)        0000
__Lspace_4                   (abs)        0000
__Lstack                     stack        0000
__Lstrings                   strings      0000
__Ltext                      text         0000
__S0                         (abs)        01F0
__S1                         (abs)        007D
__S2                         (abs)        0000
__S3                         (abs)        0000
___aldiv                     text9        00F2
___aldiv@counter             cstackBANK0  0020
___aldiv@dividend            cstackCOMMON 0074
___aldiv@divisor             cstackCOMMON 0070
___aldiv@quotient            cstackBANK0  0022
___aldiv@sign                cstackBANK0  0021
___int_sp                    stack        0000
___latbits                   (abs)        0002
___sp                        stack        0000
___stackhi                   (abs)        0000
___stacklo                   (abs)        0000
__end_of___aldiv             text9        018F
__end_of__initialization     cinit        001A
__end_of_main                maintext     01A9
__end_of_myIntHandler        text3        00F2
__end_of_runTimer            text8        01E9
__end_of_setCaptureFalling   text7        01D9
__end_of_setCaptureRising    text2        01C3
__end_of_setCompare          text6        01B8
__end_of_setTimer            text1        01E2
__end_of_stopTimer           text5        01EF
__end_ofi1_setCaptureRising  text4        01CE
__initialization             cinit        0011
__pbssCOMMON                 bssCOMMON    0079
__pcstackBANK0               cstackBANK0  0020
__pcstackCOMMON              cstackCOMMON 0070
__pdataCOMMON                dataCOMMON   007C
__pidataCOMMON               idataCOMMON  01EF
__pintentry                  intentry     0004
__pmaintext                  maintext     018F
__ptext1                     text1        01D9
__ptext2                     text2        01B8
__ptext3                     text3        001E
__ptext4                     text4        01C3
__ptext5                     text5        01E9
__ptext6                     text6        01A9
__ptext7                     text7        01CE
__ptext8                     text8        01E2
__ptext9                     text9        00F2
__size_of___aldiv            (abs)        0000
__size_of_main               (abs)        0000
__size_of_myIntHandler       (abs)        0000
__size_of_runTimer           (abs)        0000
__size_of_setCaptureFalling  (abs)        0000
__size_of_setCaptureRising   (abs)        0000
__size_of_setCompare         (abs)        0000
__size_of_setTimer           (abs)        0000
__size_of_stopTimer          (abs)        0000
__size_ofi1_setCaptureRising (abs)        0000
_counter                     bssCOMMON    007A
_flag                        dataCOMMON   007C
_main                        maintext     018F
_myIntHandler                text3        001E
_runTimer                    text8        01E2
_setCaptureFalling           text7        01CE
_setCaptureRising            text2        01B8
_setCompare                  text6        01A9
_setTimer                    text1        01D9
_stopTimer                   text5        01E9
_time                        bssCOMMON    0079
btemp                        (abs)        007E
end_of_initialization        cinit        001A
i1_setCaptureRising          text4        01C3
interrupt_function           intentry     0004
intlevel0                    functab      0000
intlevel1                    functab      0000
intlevel2                    functab      0000
intlevel3                    functab      0000
intlevel4                    functab      0000
intlevel5                    functab      0000
reset_vec                    reset_vec    0000
saved_w                      (abs)        007E
start                        init         000E
start_initialization         cinit        0011
wtemp0                       (abs)        007E


FUNCTION INFORMATION:

 *************** function _main *****************
 Defined at:
		line 27 in file "main.c"
 Parameters:    Size  Location     Type
		None
 Auto vars:     Size  Location     Type
		None
 Return value:  Size  Location     Type
                  1    wreg      void 
 Registers used:
		wreg, status,2, status,0, pclath, cstack
 Tracked objects:
		On entry : 
		On exit  : 
		Unchanged: 
 Data sizes:     COMMON   BANK0   BANK1   BANK3   BANK2
      Params:         0       0       0       0       0
      Locals:         0       0       0       0       0
      Temps:          0       0       0       0       0
      Totals:         0       0       0       0       0
Total ram usage:        0 bytes
 Hardware stack levels required when called:    3
 This function calls:
		_setCaptureRising
		_setTimer
 This function is called by:
		Startup code after reset
 This function uses a non-reentrant model


 *************** function _setTimer *****************
 Defined at:
		line 124 in file "main.c"
 Parameters:    Size  Location     Type
		None
 Auto vars:     Size  Location     Type
		None
 Return value:  Size  Location     Type
                  1    wreg      void 
 Registers used:
		None
 Tracked objects:
		On entry : 
		On exit  : 
		Unchanged: 
 Data sizes:     COMMON   BANK0   BANK1   BANK3   BANK2
      Params:         0       0       0       0       0
      Locals:         0       0       0       0       0
      Temps:          0       0       0       0       0
      Totals:         0       0       0       0       0
Total ram usage:        0 bytes
 Hardware stack levels used:    1
 Hardware stack levels required when called:    2
 This function calls:
		Nothing
 This function is called by:
		_main
 This function uses a non-reentrant model


 *************** function _setCaptureRising *****************
 Defined at:
		line 151 in file "main.c"
 Parameters:    Size  Location     Type
		None
 Auto vars:     Size  Location     Type
		None
 Return value:  Size  Location     Type
                  1    wreg      void 
 Registers used:
		None
 Tracked objects:
		On entry : 
		On exit  : 
		Unchanged: 
 Data sizes:     COMMON   BANK0   BANK1   BANK3   BANK2
      Params:         0       0       0       0       0
      Locals:         0       0       0       0       0
      Temps:          0       0       0       0       0
      Totals:         0       0       0       0       0
Total ram usage:        0 bytes
 Hardware stack levels used:    1
 Hardware stack levels required when called:    2
 This function calls:
		Nothing
 This function is called by:
		_main
 This function uses a non-reentrant model


 *************** function _myIntHandler *****************
 Defined at:
		line 49 in file "main.c"
 Parameters:    Size  Location     Type
		None
 Auto vars:     Size  Location     Type
		None
 Return value:  Size  Location     Type
                  1    wreg      void 
 Registers used:
		wreg, status,2, status,0, pclath, cstack
 Tracked objects:
		On entry : 
		On exit  : 
		Unchanged: 
 Data sizes:     COMMON   BANK0   BANK1   BANK3   BANK2
      Params:         0       0       0       0       0
      Locals:         0       0       0       0       0
      Temps:          0      11       0       0       0
      Totals:         0      11       0       0       0
Total ram usage:       11 bytes
 Hardware stack levels used:    1
 Hardware stack levels required when called:    1
 This function calls:
		___aldiv
		_runTimer
		_setCaptureFalling
		_setCompare
		_stopTimer
		i1_setCaptureRising
 This function is called by:
		Interrupt level 1
 This function uses a non-reentrant model


 *************** function i1_setCaptureRising *****************
 Defined at:
		line 151 in file "main.c"
 Parameters:    Size  Location     Type
		None
 Auto vars:     Size  Location     Type
		None
 Return value:  Size  Location     Type
                  1    wreg      void 
 Registers used:
		None
 Tracked objects:
		On entry : 
		On exit  : 
		Unchanged: 
 Data sizes:     COMMON   BANK0   BANK1   BANK3   BANK2
      Params:         0       0       0       0       0
      Locals:         0       0       0       0       0
      Temps:          0       0       0       0       0
      Totals:         0       0       0       0       0
Total ram usage:        0 bytes
 Hardware stack levels used:    1
 This function calls:
		Nothing
 This function is called by:
		_myIntHandler
 This function uses a non-reentrant model


 *************** function _stopTimer *****************
 Defined at:
		line 145 in file "main.c"
 Parameters:    Size  Location     Type
		None
 Auto vars:     Size  Location     Type
		None
 Return value:  Size  Location     Type
                  1    wreg      void 
 Registers used:
		status,2
 Tracked objects:
		On entry : 
		On exit  : 
		Unchanged: 
 Data sizes:     COMMON   BANK0   BANK1   BANK3   BANK2
      Params:         0       0       0       0       0
      Locals:         0       0       0       0       0
      Temps:          0       0       0       0       0
      Totals:         0       0       0       0       0
Total ram usage:        0 bytes
 Hardware stack levels used:    1
 This function calls:
		Nothing
 This function is called by:
		_myIntHandler
 This function uses a non-reentrant model


 *************** function _setCompare *****************
 Defined at:
		line 179 in file "main.c"
 Parameters:    Size  Location     Type
		None
 Auto vars:     Size  Location     Type
		None
 Return value:  Size  Location     Type
                  1    wreg      void 
 Registers used:
		None
 Tracked objects:
		On entry : 
		On exit  : 
		Unchanged: 
 Data sizes:     COMMON   BANK0   BANK1   BANK3   BANK2
      Params:         0       0       0       0       0
      Locals:         0       0       0       0       0
      Temps:          0       0       0       0       0
      Totals:         0       0       0       0       0
Total ram usage:        0 bytes
 Hardware stack levels used:    1
 This function calls:
		Nothing
 This function is called by:
		_myIntHandler
 This function uses a non-reentrant model


 *************** function _setCaptureFalling *****************
 Defined at:
		line 165 in file "main.c"
 Parameters:    Size  Location     Type
		None
 Auto vars:     Size  Location     Type
		None
 Return value:  Size  Location     Type
                  1    wreg      void 
 Registers used:
		None
 Tracked objects:
		On entry : 
		On exit  : 
		Unchanged: 
 Data sizes:     COMMON   BANK0   BANK1   BANK3   BANK2
      Params:         0       0       0       0       0
      Locals:         0       0       0       0       0
      Temps:          0       0       0       0       0
      Totals:         0       0       0       0       0
Total ram usage:        0 bytes
 Hardware stack levels used:    1
 This function calls:
		Nothing
 This function is called by:
		_myIntHandler
 This function uses a non-reentrant model


 *************** function _runTimer *****************
 Defined at:
		line 138 in file "main.c"
 Parameters:    Size  Location     Type
		None
 Auto vars:     Size  Location     Type
		None
 Return value:  Size  Location     Type
                  1    wreg      void 
 Registers used:
		status,2
 Tracked objects:
		On entry : 
		On exit  : 
		Unchanged: 
 Data sizes:     COMMON   BANK0   BANK1   BANK3   BANK2
      Params:         0       0       0       0       0
      Locals:         0       0       0       0       0
      Temps:          0       0       0       0       0
      Totals:         0       0       0       0       0
Total ram usage:        0 bytes
 Hardware stack levels used:    1
 This function calls:
		Nothing
 This function is called by:
		_myIntHandler
 This function uses a non-reentrant model


 *************** function ___aldiv *****************
 Defined at:
		line 5 in file "/Applications/microchip/xc8/v2.20/pic/sources/c90/common/aldiv.c"
 Parameters:    Size  Location     Type
  divisor         4    0[COMMON] long 
  dividend        4    4[COMMON] long 
 Auto vars:     Size  Location     Type
  quotient        4    2[BANK0 ] long 
  sign            1    1[BANK0 ] unsigned char 
  counter         1    0[BANK0 ] unsigned char 
 Return value:  Size  Location     Type
                  4    0[COMMON] long 
 Registers used:
		wreg, status,2, status,0
 Tracked objects:
		On entry : 
		On exit  : 
		Unchanged: 
 Data sizes:     COMMON   BANK0   BANK1   BANK3   BANK2
      Params:         8       0       0       0       0
      Locals:         0       6       0       0       0
      Temps:          1       0       0       0       0
      Totals:         9       6       0       0       0
Total ram usage:       15 bytes
 Hardware stack levels used:    1
 This function calls:
		Nothing
 This function is called by:
		_myIntHandler
 This function uses a non-reentrant model



MODULE INFORMATION

Module		Function		Class		Link	Load	Size
shared
		__initialization		CODE           	0011	0000	10
		i1_setCaptureRising		CODE           	01C3	0000	12

shared estimated size: 22

/Applications/microchip/xc8/v2.20/pic/sources/c90/common/aldiv.c
		___aldiv       		CODE           	00F2	0000	158

/Applications/microchip/xc8/v2.20/pic/sources/c90/common/aldiv.c estimated size: 158

main.c
		_main          		CODE           	018F	0000	27
		_setCaptureRising		CODE           	01B8	0000	12
		_setCaptureFalling		CODE           	01CE	0000	12
		_setTimer      		CODE           	01D9	0000	10
		_stopTimer     		CODE           	01E9	0000	7
		_runTimer      		CODE           	01E2	0000	8
		_setCompare    		CODE           	01A9	0000	16
		_myIntHandler  		CODE           	001E	0000	213

main.c estimated size: 305

