Microchip MPLAB XC8 Compiler V2.20

Linker command line:

-W-3 --edf=/Applications/microchip/xc8/v2.20/pic/dat/en_msgs.txt -cn \
  -h+dist/default/production/compareModule.X.production.sym \
  --cmf=dist/default/production/compareModule.X.production.cmf -z -Q16F877A \
  -o/tmp/xcQOhlLns --defsym=__MPLAB_BUILD=1 \
  -Mdist/default/production/compareModule.X.production.map -E1 \
  -ver=XC8 Compiler --acfsm=1493 -ASTACK=0110h-016Fh -pstack=STACK \
  -ACODE=00h-07FFhx4 -ASTRCODE=00h-01FFFh -ASTRING=00h-0FFhx32 \
  -ACONST=00h-0FFhx32 -AENTRY=00h-0FFhx32 -ACOMMON=070h-07Fh \
  -ABANK0=020h-06Fh -ABANK1=0A0h-0EFh -ABANK2=0110h-016Fh \
  -ABANK3=0190h-01EFh -ARAM=020h-06Fh,0A0h-0EFh,0110h-016Fh,0190h-01EFh \
  -AABS1=020h-07Fh,0A0h-0EFh,0110h-016Fh,0190h-01EFh -ASFR0=00h-01Fh \
  -ASFR1=080h-09Fh -ASFR2=0100h-010Fh -ASFR3=0180h-018Fh \
  -ACONFIG=02007h-02007h -DCONFIG=2 -AIDLOC=02000h-02003h -DIDLOC=2 \
  -preset_vec=00h,intentry=04h,init,end_init -ppowerup=CODE -pcinit=CODE \
  -pfunctab=ENTRY -AEEDATA=00h-0FFh/02100h -peeprom_data=EEDATA -DEEDATA=2 \
  -DCODE=2 -DSTRCODE=2 -DSTRING=2 -DCONST=2 -DENTRY=2 -k /tmp/xcEZbLgb7.o \
  dist/default/production/compareModule.X.production.o 

Object code version is 3.11

Machine type is 16F877A



                Name                               Link     Load   Length Selector   Space Scale
/tmp/xcEZbLgb7.o
                end_init                              C        C        3        8       0
                reset_vec                             0        0        3        0       0
                config                             2007     2007        1        0       4
dist/default/production/compareModule.X.production.o
                cinit                                 F        F        4        8       0
                intentry                              4        4        8        8       0
                config                             2007     2007        1        0       4
                text3                                28       28       14        8       0
                text2                                3C       3C       10        8       0
                text1                                4C       4C        C        8       0
                maintext                             13       13       15        8       0
                cstackCOMMON                         70       70        2       70       1

TOTAL           Name                               Link     Load   Length     Space
        CLASS   STACK          

        CLASS   CODE           
                end_init                              C        C        3         0
                cinit                                 F        F        4         0
                intentry                              4        4        8         0
                reset_vec                             0        0        3         0
                text3                                28       28       14         0
                text2                                3C       3C       10         0
                text1                                4C       4C        C         0
                maintext                             13       13       15         0

        CLASS   STRCODE        

        CLASS   STRING         

        CLASS   CONST          

        CLASS   ENTRY          

        CLASS   COMMON         
                cstackCOMMON                         70       70        2         1

        CLASS   BANK0          

        CLASS   BANK1          

        CLASS   BANK2          

        CLASS   BANK3          

        CLASS   RAM            

        CLASS   ABS1           
                abs_s1                               7E       7E        2         1

        CLASS   SFR0           

        CLASS   SFR1           

        CLASS   SFR2           

        CLASS   SFR3           

        CLASS   CONFIG         
                config                             2007     2007        1         4

        CLASS   IDLOC          

        CLASS   EEDATA         



SEGMENTS        Name                           Load    Length   Top    Selector   Space  Class     Delta

                reset_vec                      000000  000003  000003         0       0  CODE        2
                intentry                       000004  000054  000058         8       0  CODE        2
                cstackCOMMON                   000070  000002  000072        70       1  COMMON      1


UNUSED ADDRESS RANGES

        Name                Unused          Largest block    Delta
        BANK0            0020-006F             50           1
        BANK1            00A0-00EF             50           1
        BANK2            0110-016F             60           1
        BANK3            0190-01EF             60           1
        CODE             0003-0003              1           2
                         0058-1FFF            800
        COMMON           0072-007D              C           1
        CONST            0003-0003              1           2
                         0058-1FFF            100
        EEDATA           2100-21FF            100           2
        ENTRY            0003-0003              1           2
                         0058-1FFF            100
        IDLOC            2000-2003              4           2
        RAM              0020-006F             50           1
                         00A0-00EF             50
                         0110-016F             60
                         0190-01EF             60
        SFR0             0000-001F             20           1
        SFR1             0080-009F             20           1
        SFR2             0100-010F             10           1
        SFR3             0180-018F             10           1
        STACK            0110-016F             60           1
        STRCODE          0003-0003              1           2
                         0058-1FFF           1FA8
        STRING           0003-0003              1           2
                         0058-1FFF            100

                                  Symbol Table

_CCP1IE                      (abs)        0462
_CCP1IF                      (abs)        0062
_CCP1M0                      (abs)        00B8
_CCP1M1                      (abs)        00B9
_CCP1M2                      (abs)        00BA
_CCP1M3                      (abs)        00BB
_CCPR1                       (abs)        0015
_INTCONbits                  (abs)        000B
_PORTC                       (abs)        0007
_RC2                         (abs)        003A
_T1OSCEN                     (abs)        0083
_TMR1                        (abs)        000E
_TMR1CS                      (abs)        0081
_TMR1ON                      (abs)        0080
_TRISC                       (abs)        0087
__Habs1                      abs1         0000
__Hbank0                     bank0        0000
__Hbank1                     bank1        0000
__Hbank2                     bank2        0000
__Hbank3                     bank3        0000
__Hcinit                     cinit        0013
__Hclrtext                   clrtext      0000
__Hcode                      code         0000
__Hcommon                    common       0000
__Hconfig                    config       2008
__HcstackCOMMON              cstackCOMMON 0000
__Heeprom_data               eeprom_data  0000
__Hend_init                  end_init     000F
__Hfunctab                   functab      0000
__Hinit                      init         000C
__Hintentry                  intentry     000C
__Hmaintext                  maintext     0000
__Hpowerup                   powerup      0000
__Hram                       ram          0000
__Hreset_vec                 reset_vec    0003
__Hsfr0                      sfr0         0000
__Hsfr1                      sfr1         0000
__Hsfr2                      sfr2         0000
__Hsfr3                      sfr3         0000
__Hspace_0                   (abs)        0058
__Hspace_1                   (abs)        0072
__Hspace_2                   (abs)        0000
__Hspace_3                   (abs)        0000
__Hspace_4                   (abs)        400F
__Hstack                     stack        0000
__Hstrings                   strings      0000
__Htext                      text         0000
__Labs1                      abs1         0000
__Lbank0                     bank0        0000
__Lbank1                     bank1        0000
__Lbank2                     bank2        0000
__Lbank3                     bank3        0000
__Lcinit                     cinit        000F
__Lclrtext                   clrtext      0000
__Lcode                      code         0000
__Lcommon                    common       0000
__Lconfig                    config       0000
__LcstackCOMMON              cstackCOMMON 0000
__Leeprom_data               eeprom_data  0000
__Lend_init                  end_init     000C
__Lfunctab                   functab      0000
__Linit                      init         000C
__Lintentry                  intentry     0004
__Lmaintext                  maintext     0000
__Lpowerup                   powerup      0000
__Lram                       ram          0000
__Lreset_vec                 reset_vec    0000
__Lsfr0                      sfr0         0000
__Lsfr1                      sfr1         0000
__Lsfr2                      sfr2         0000
__Lsfr3                      sfr3         0000
__Lspace_0                   (abs)        0000
__Lspace_1                   (abs)        0000
__Lspace_2                   (abs)        0000
__Lspace_3                   (abs)        0000
__Lspace_4                   (abs)        0000
__Lstack                     stack        0000
__Lstrings                   strings      0000
__Ltext                      text         0000
__S0                         (abs)        0058
__S1                         (abs)        0072
__S2                         (abs)        0000
__S3                         (abs)        0000
___int_sp                    stack        0000
___latbits                   (abs)        0002
___sp                        stack        0000
___stackhi                   (abs)        0000
___stacklo                   (abs)        0000
__end_of__initialization     cinit        000F
__end_of_main                maintext     0028
__end_of_myInterruptHandler  text3        003C
__end_of_setCaptureModule    text2        004C
__end_of_setTimer            text1        0058
__initialization             cinit        000F
__pcstackCOMMON              cstackCOMMON 0070
__pintentry                  intentry     0004
__pmaintext                  maintext     0013
__ptext1                     text1        004C
__ptext2                     text2        003C
__ptext3                     text3        0028
__size_of_main               (abs)        0000
__size_of_myInterruptHandler (abs)        0000
__size_of_setCaptureModule   (abs)        0000
__size_of_setTimer           (abs)        0000
_main                        maintext     0013
_myInterruptHandler          text3        0028
_setCaptureModule            text2        003C
_setTimer                    text1        004C
btemp                        (abs)        007E
end_of_initialization        cinit        000F
interrupt_function           intentry     0004
intlevel0                    functab      0000
intlevel1                    functab      0000
intlevel2                    functab      0000
intlevel3                    functab      0000
intlevel4                    functab      0000
intlevel5                    functab      0000
reset_vec                    reset_vec    0000
saved_w                      (abs)        007E
start                        init         000C
start_initialization         cinit        000F
wtemp0                       (abs)        007E


FUNCTION INFORMATION:

 *************** function _main *****************
 Defined at:
		line 63 in file "main.c"
 Parameters:    Size  Location     Type
		None
 Auto vars:     Size  Location     Type
		None
 Return value:  Size  Location     Type
                  1    wreg      void 
 Registers used:
		wreg, status,2, status,0, pclath, cstack
 Tracked objects:
		On entry : 
		On exit  : 
		Unchanged: 
 Data sizes:     COMMON   BANK0   BANK1   BANK3   BANK2
      Params:         0       0       0       0       0
      Locals:         0       0       0       0       0
      Temps:          0       0       0       0       0
      Totals:         0       0       0       0       0
Total ram usage:        0 bytes
 Hardware stack levels required when called:    2
 This function calls:
		_setCaptureModule
		_setTimer
 This function is called by:
		Startup code after reset
 This function uses a non-reentrant model


 *************** function _setTimer *****************
 Defined at:
		line 93 in file "main.c"
 Parameters:    Size  Location     Type
		None
 Auto vars:     Size  Location     Type
		None
 Return value:  Size  Location     Type
                  1    wreg      void 
 Registers used:
		None
 Tracked objects:
		On entry : 
		On exit  : 
		Unchanged: 
 Data sizes:     COMMON   BANK0   BANK1   BANK3   BANK2
      Params:         0       0       0       0       0
      Locals:         0       0       0       0       0
      Temps:          0       0       0       0       0
      Totals:         0       0       0       0       0
Total ram usage:        0 bytes
 Hardware stack levels used:    1
 Hardware stack levels required when called:    1
 This function calls:
		Nothing
 This function is called by:
		_main
 This function uses a non-reentrant model


 *************** function _setCaptureModule *****************
 Defined at:
		line 106 in file "main.c"
 Parameters:    Size  Location     Type
		None
 Auto vars:     Size  Location     Type
		None
 Return value:  Size  Location     Type
                  1    wreg      void 
 Registers used:
		None
 Tracked objects:
		On entry : 
		On exit  : 
		Unchanged: 
 Data sizes:     COMMON   BANK0   BANK1   BANK3   BANK2
      Params:         0       0       0       0       0
      Locals:         0       0       0       0       0
      Temps:          0       0       0       0       0
      Totals:         0       0       0       0       0
Total ram usage:        0 bytes
 Hardware stack levels used:    1
 Hardware stack levels required when called:    1
 This function calls:
		Nothing
 This function is called by:
		_main
 This function uses a non-reentrant model


 *************** function _myInterruptHandler *****************
 Defined at:
		line 80 in file "main.c"
 Parameters:    Size  Location     Type
		None
 Auto vars:     Size  Location     Type
		None
 Return value:  Size  Location     Type
                  1    wreg      void 
 Registers used:
		wreg
 Tracked objects:
		On entry : 
		On exit  : 
		Unchanged: 
 Data sizes:     COMMON   BANK0   BANK1   BANK3   BANK2
      Params:         0       0       0       0       0
      Locals:         0       0       0       0       0
      Temps:          2       0       0       0       0
      Totals:         2       0       0       0       0
Total ram usage:        2 bytes
 Hardware stack levels used:    1
 This function calls:
		Nothing
 This function is called by:
		Interrupt level 1
 This function uses a non-reentrant model



MODULE INFORMATION

Module		Function		Class		Link	Load	Size
shared
		__initialization		CODE           	000F	0000	1

shared estimated size: 1

main.c
		_myInterruptHandler		CODE           	0028	0000	21
		_main          		CODE           	0013	0000	22
		_setCaptureModule		CODE           	003C	0000	17
		_setTimer      		CODE           	004C	0000	13

main.c estimated size: 73

