Microchip MPLAB XC8 Compiler V2.20

Linker command line:

-W-3 --edf=/Applications/microchip/xc8/v2.20/pic/dat/en_msgs.txt -cn \
  -h+dist/default/production/seven_segment.X.production.sym \
  --cmf=dist/default/production/seven_segment.X.production.cmf -z -Q18F2220 \
  -o/tmp/xcLyTO66x --defsym=__MPLAB_BUILD=1 \
  -Mdist/default/production/seven_segment.X.production.map -E1 \
  -ver=XC8 Compiler --acfsm=1493 -ASTACK=080h-01FFh -pstack=STACK \
  -ACODE=00h-0FFFh -ACONST=00h-0FFFh -ASMALLCONST=0200h-02FFhx14 \
  -AMEDIUMCONST=0200h-0FFFh -ACOMRAM=01h-07Fh -AABS1=00h-01FFh \
  -ABIGRAM=01h-01FFh -ARAM=080h-0FFh,0100h-01FFh -ABANK0=080h-0FFh \
  -ABANK1=0100h-01FFh -ASFR=0F80h-0FFFh -ACONFIG=0300000h-030000Dh \
  -AIDLOC=0200000h-0200007h -preset_vec=00h,intcode,intcodelo,powerup,init \
  -pramtop=0200h -psmallconst=SMALLCONST -pmediumconst=MEDIUMCONST \
  -pconst=CONST -AFARRAM=00h-00h -AEEDATA=0F00000h-0F000FFh \
  -peeprom_data=EEDATA \
  -prdata=COMRAM,nvrram=COMRAM,nvbit=COMRAM,rbss=COMRAM,rbit=COMRAM \
  -pfarbss=FARRAM,fardata=FARRAM,nvFARRAM=FARRAM \
  -pintsave_regs=BIGRAM,bigbss=BIGRAM,bigdata=BIGRAM -pbss=RAM \
  -pidata=CODE,irdata=CODE,ibigdata=CODE,ifardata=CODE -prparam=COMRAM \
  /tmp/xc1e0Y0cu.o dist/default/production/seven_segment.X.production.o 

Object code version is 3.11

Machine type is 18F2220



                Name                               Link     Load   Length Selector   Space Scale
/tmp/xc1e0Y0cu.o
                idloc                            200000   200000        8        0       5
                config                           300000   300000        E        0       4
                init                                  0        0        4        0       0
dist/default/production/seven_segment.X.production.o
                idloc                            200000   200000        8        0       5
                config                           300000   300000        E        0       4
                text0                               F78      F78       88      7BC       0
                cstackCOMRAM                          B        B        2        1       1
                dataCOMRAM                            1        1        A        1       1
                bssCOMRAM                             D        D        1        1       1
                cinit                               F50      F50       28      7A8       0
                idataCOMRAM                         F46      F46        A      F46       0

TOTAL           Name                               Link     Load   Length     Space
        CLASS   STACK          

        CLASS   CODE           
                init                                  0        0        4         0
                text0                               F78      F78       88         0
                cinit                               F50      F50       28         0
                idataCOMRAM                         F46      F46        A         0

        CLASS   CONST          

        CLASS   SMALLCONST     

        CLASS   MEDIUMCONST    

        CLASS   COMRAM         
                cstackCOMRAM                          B        B        2         1
                dataCOMRAM                            1        1        A         1
                bssCOMRAM                             D        D        1         1

        CLASS   ABS1           

        CLASS   BIGRAM         

        CLASS   RAM            

        CLASS   BANK0          

        CLASS   BANK1          

        CLASS   SFR            

        CLASS   CONFIG         
                config                           300000   300000        E         4

        CLASS   IDLOC          
                idloc                            200000   200000        8         5

        CLASS   FARRAM         

        CLASS   EEDATA         



SEGMENTS        Name                           Load    Length   Top    Selector   Space  Class

                text0                          000F78  000088  001000       7BC       0  CODE    
                cinit                          000F50  000028  000F78       7A8       0  CODE    
                reset_vec                      000000  000004  000004         0       0  CODE    
                dataCOMRAM                     000001  00000D  00000E         1       1  COMRAM  
                idataCOMRAM                    000F46  00000A  000F50       F46       0  CODE    


UNUSED ADDRESS RANGES

        Name                Unused          Largest block    Delta
        BANK0            000080-0000FF               80
        BANK1            000100-0001FF              100
        BIGRAM           00000E-0001FF              1F2
        CODE             000004-000F45              F42
        COMRAM           00000E-00007F               72
        CONST            000004-000F45              F42
        EEDATA           F00000-F000FF              100
        MEDIUMCONST      000200-000F45              D46
        RAM              000080-0001FF               80
        SFR              000F80-000FFF               80
        SMALLCONST       000200-000F45              100
        STACK            000080-0001FF              180

                                  Symbol Table

_ADCON1                  (abs)        000FC1
_LATB                    (abs)        000F8A
_PORTB                   (abs)        000F81
_PORTCbits               (abs)        000F82
_TRISB                   (abs)        000F93
_TRISCbits               (abs)        000F94
__HRAM                   (abs)        000000
__Habs1                  abs1         000000
__Hbank0                 bank0        000000
__Hbank1                 bank1        000000
__Hbigbss                bigbss       000000
__Hbigdata               bigdata      000000
__Hbigram                bigram       000000
__Hbss                   bss          000000
__HbssCOMRAM             bssCOMRAM    000000
__Hcinit                 cinit        000000
__Hclrtext               clrtext      000000
__Hcomram                comram       000000
__Hconfig                config       30000E
__Hconst                 const        000000
__HcstackCOMRAM          cstackCOMRAM 000000
__Hdata                  data         000000
__HdataCOMRAM            dataCOMRAM   000000
__Heeprom_data           eeprom_data  000000
__Hfarbss                farbss       000000
__Hfardata               fardata      000000
__Hibigdata              ibigdata     000000
__Hidata                 idata        000000
__HidataCOMRAM           idataCOMRAM  000000
__Hidloc                 idloc        200008
__Hifardata              ifardata     000000
__Hinit                  init         000004
__Hintcode               intcode      000000
__Hintcode_body          intcode_body 000000
__Hintcodelo             intcodelo    000000
__Hintentry              intentry     000000
__Hintret                intret       000000
__Hintsave_regs          intsave_regs 000000
__Hirdata                irdata       000000
__Hmediumconst           mediumconst  000000
__HnvFARRAM              nvFARRAM     000000
__Hnvbit                 nvbit        000000
__Hnvrram                nvrram       000000
__Hparam                 rparam       000000
__Hpowerup               powerup      000000
__Hram                   ram          000000
__Hramtop                ramtop       000200
__Hrbit                  rbit         000000
__Hrbss                  rbss         000000
__Hrdata                 rdata        000000
__Hreset_vec             reset_vec    000000
__Hrparam                rparam       000000
__Hsfr                   sfr          000000
__Hsmallconst            smallconst   000000
__Hspace_0               (abs)        001000
__Hspace_1               (abs)        00000E
__Hspace_2               (abs)        000000
__Hspace_4               (abs)        60000E
__Hstack                 stack        000000
__Hstruct                struct       000000
__Htemp                  temp         000000
__Htext                  text         000000
__Htext0                 text0        000000
__LRAM                   (abs)        000001
__Labs1                  abs1         000000
__Lbank0                 bank0        000000
__Lbank1                 bank1        000000
__Lbigbss                bigbss       000000
__Lbigdata               bigdata      000000
__Lbigram                bigram       000000
__Lbss                   bss          000000
__LbssCOMRAM             bssCOMRAM    000000
__Lcinit                 cinit        000000
__Lclrtext               clrtext      000000
__Lcomram                comram       000000
__Lconfig                config       000000
__Lconst                 const        000000
__LcstackCOMRAM          cstackCOMRAM 000000
__Ldata                  data         000000
__LdataCOMRAM            dataCOMRAM   000000
__Leeprom_data           eeprom_data  000000
__Lfarbss                farbss       000000
__Lfardata               fardata      000000
__Libigdata              ibigdata     000000
__Lidata                 idata        000000
__LidataCOMRAM           idataCOMRAM  000000
__Lidloc                 idloc        000000
__Lifardata              ifardata     000000
__Linit                  init         000000
__Lintcode               intcode      000000
__Lintcode_body          intcode_body 000000
__Lintcodelo             intcodelo    000000
__Lintentry              intentry     000000
__Lintret                intret       000000
__Lintsave_regs          intsave_regs 000000
__Lirdata                irdata       000000
__Lmediumconst           mediumconst  000000
__LnvFARRAM              nvFARRAM     000000
__Lnvbit                 nvbit        000000
__Lnvrram                nvrram       000000
__Lparam                 rparam       000000
__Lpowerup               powerup      000000
__Lram                   ram          000000
__Lramtop                ramtop       000200
__Lrbit                  rbit         000000
__Lrbss                  rbss         000000
__Lrdata                 rdata        000000
__Lreset_vec             reset_vec    000000
__Lrparam                rparam       000000
__Lsfr                   sfr          000000
__Lsmallconst            smallconst   000000
__Lspace_0               (abs)        000000
__Lspace_1               (abs)        000000
__Lspace_2               (abs)        000000
__Lspace_4               (abs)        000000
__Lstack                 stack        000000
__Lstruct                struct       000000
__Ltemp                  temp         000000
__Ltext                  text         000000
__Ltext0                 text0        000000
__S0                     (abs)        001000
__S1                     (abs)        00000E
__S2                     (abs)        000000
__S4                     (abs)        000000
__S5                     (abs)        000000
___inthi_sp              stack        000000
___intlo_sp              stack        000000
___param_bank            (abs)        000000
___rparam_used           (abs)        000001
___sp                    stack        000000
__accesstop              (abs)        000080
__activetblptr           (abs)        000000
__end_of__initialization cinit        000F72
__end_of_main            text0        001000
__initialization         cinit        000F50
__mediumconst            mediumconst  000000
__pbssCOMRAM             bssCOMRAM    00000D
__pcinit                 cinit        000F50
__pcstackCOMRAM          cstackCOMRAM 00000B
__pdataCOMRAM            dataCOMRAM   000001
__pidataCOMRAM           idataCOMRAM  000F46
__ptext0                 text0        000F78
__ramtop                 ramtop       000200
__size_of_main           (abs)        000000
__smallconst             smallconst   000000
_counter                 bssCOMRAM    00000D
_displayMap              dataCOMRAM   000001
_main                    text0        000F78
end_of_initialization    cinit        000F72
intlevel0                text         000000
intlevel1                text         000000
intlevel2                text         000000
intlevel3                text         000000
stackhi                  (abs)        0001FF
stacklo                  (abs)        000080
start                    init         000000
start_initialization     cinit        000F50


FUNCTION INFORMATION:

 *************** function _main *****************
 Defined at:
		line 20 in file "main.c"
 Parameters:    Size  Location     Type
		None
 Auto vars:     Size  Location     Type
		None
 Return value:  Size  Location     Type
                  1    wreg      void 
 Registers used:
		wreg, fsr2l, fsr2h, status,2, status,0
 Tracked objects:
		On entry : 
		On exit  : 
		Unchanged: 
 Data sizes:     COMRAM   BANK0   BANK1
      Params:         0       0       0
      Locals:         0       0       0
      Temps:          2       0       0
      Totals:         2       0       0
Total ram usage:        2 bytes
 This function calls:
		Nothing
 This function is called by:
		Startup code after reset
 This function uses a non-reentrant model



MODULE INFORMATION

Module		Function		Class		Link	Load	Size
shared
		__initialization		CODE           	0F50	0000	35

shared estimated size: 35

main.c
		_main          		CODE           	0F78	0000	137

main.c estimated size: 137

