Microchip MPLAB XC8 Compiler V2.32

Linker command line:

-W-3 --edf=C:\Program Files\Microchip\xc8\v2.32\pic\dat\en_msgs.txt -cn \
  -h+dist/default/debug\eeprom_intoduction.X.debug.sym \
  --cmf=dist/default/debug\eeprom_intoduction.X.debug.cmf -z -Q18F4520 \
  -oC:\Users\enes\AppData\Local\Temp\xcAsbkg.4 --defsym=__MPLAB_BUILD=1 \
  -Mdist/default/debug/eeprom_intoduction.X.debug.map -E1 -ver=XC8 Compiler \
  --acfsm=1493 -ASTACK=080h-05FFh -pstack=STACK -ACODE=00h-07FFFh \
  -ACONST=00h-07FFFh -ASMALLCONST=0600h-06FFhx122 \
  -AMEDIUMCONST=0600h-07FFFh -ACOMRAM=01h-07Fh -AABS1=00h-05FFh \
  -ABIGRAM=01h-05FFh -ARAM=080h-0FFh,0100h-01FFhx5 -ABANK0=080h-0FFh \
  -ABANK1=0100h-01FFh -ABANK2=0200h-02FFh -ABANK3=0300h-03FFh \
  -ABANK4=0400h-04FFh -ABANK5=0500h-05FFh -ASFR=0F80h-0FFFh \
  -ACONFIG=0300000h-030000Dh -AIDLOC=0200000h-0200007h \
  -AEEDATA=0F00000h-0F000FFh -peeprom_data=EEDATA \
  -preset_vec=00h,intcode,intcodelo,powerup,init -pramtop=0600h \
  -psmallconst=SMALLCONST -pmediumconst=MEDIUMCONST -pconst=CONST \
  -AFARRAM=00h-00h \
  -prdata=COMRAM,nvrram=COMRAM,nvbit=COMRAM,rbss=COMRAM,rbit=COMRAM \
  -pfarbss=FARRAM,fardata=FARRAM,nvFARRAM=FARRAM \
  -pintsave_regs=BIGRAM,bigbss=BIGRAM,bigdata=BIGRAM -pbss=RAM \
  -pidata=CODE,irdata=CODE,ibigdata=CODE,ifardata=CODE -prparam=COMRAM \
  C:\Users\enes\AppData\Local\Temp\xcAsbkg.o \
  dist/default/debug\eeprom_intoduction.X.debug.o 

Object code version is 3.11

Machine type is 18F4520



                Name                               Link     Load   Length Selector   Space Scale
C:\Users\enes\AppData\Local\Temp\xcAsbkg.o
                idloc                            200000   200000        8        0       5
                config                           300000   300000        E        0       4
                init                                  0        0        4        0       0
dist/default/debug\eeprom_intoduction.X.debug.o
                idloc                            200000   200000        8        0       5
                config                           300000   300000        E        0       4
                text2                              7E16     7E16       10     3F0B       0
                text1                              7EF2     7EF2      10E     3F79       0
                text0                              7E4E     7E4E       A4     3F27       0
                cstackCOMRAM                          1        1       16        1       1
                dataCOMRAM                           17       17        4        1       1
                bssCOMRAM                            1B       1B        1        1       1
                cinit                              7E26     7E26       28     3F13       0
                idataCOMRAM                        7E12     7E12        4     7E12       0

TOTAL           Name                               Link     Load   Length     Space
        CLASS   STACK          

        CLASS   CODE           
                init                                  0        0        4         0
                text2                              7E16     7E16       10         0
                text1                              7EF2     7EF2      10E         0
                text0                              7E4E     7E4E       A4         0
                cinit                              7E26     7E26       28         0
                idataCOMRAM                        7E12     7E12        4         0

        CLASS   CONST          

        CLASS   SMALLCONST     

        CLASS   MEDIUMCONST    

        CLASS   COMRAM         
                cstackCOMRAM                          1        1       16         1
                dataCOMRAM                           17       17        4         1
                bssCOMRAM                            1B       1B        1         1

        CLASS   ABS1           

        CLASS   BIGRAM         

        CLASS   RAM            

        CLASS   BANK0          

        CLASS   BANK1          

        CLASS   BANK2          

        CLASS   BANK3          

        CLASS   BANK4          

        CLASS   BANK5          

        CLASS   SFR            

        CLASS   CONFIG         
                config                           300000   300000        E         4

        CLASS   IDLOC          
                idloc                            200000   200000        8         5

        CLASS   EEDATA         

        CLASS   FARRAM         



SEGMENTS        Name                           Load    Length   Top    Selector   Space  Class

                reset_vec                      000000  000004  000004         0       0  CODE    
                cstackCOMRAM                   000001  00001B  00001C         1       1  COMRAM  
                idataCOMRAM                    007E12  000004  007E16      7E12       0  CODE    
                text2                          007E16  000010  007E26      3F0B       0  CODE    
                cinit                          007E26  000028  007E4E      3F13       0  CODE    
                text0                          007E4E  0000A4  007EF2      3F27       0  CODE    
                text1                          007EF2  00010E  008000      3F79       0  CODE    


UNUSED ADDRESS RANGES

        Name                Unused          Largest block    Delta
        BANK0            000080-0000FF               80
        BANK1            000100-0001FF              100
        BANK2            000200-0002FF              100
        BANK3            000300-0003FF              100
        BANK4            000400-0004FF              100
        BANK5            000500-0005FF              100
        BIGRAM           00001C-0005FF              5E4
        CODE             000004-007E11             7E0E
        COMRAM           00001C-00007F               64
        CONST            000004-007E11             7E0E
        EEDATA           F00000-F000FF              100
        MEDIUMCONST      000600-007E11             7812
        RAM              000080-0005FF              100
        SFR              000F80-000FFF               80
        SMALLCONST       000600-007E11              100
        STACK            000080-0005FF              580

                                  Symbol Table

EEPROMread@address       cstackCOMRAM 000001
EEPROMwrite@address      cstackCOMRAM 000004
EEPROMwrite@byte         cstackCOMRAM 000003
EEPROMwrite@i            cstackCOMRAM 000014
EEPROMwrite@ptr          cstackCOMRAM 000001
_EEADR                   (abs)        000FA9
_EECON1bits              (abs)        000FA6
_EECON2                  (abs)        000FA7
_EEDATA                  (abs)        000FA8
_EEPROMread              text2        007E16
_EEPROMwrite             text1        007EF2
_INTCONbits              (abs)        000FF2
_LATD                    (abs)        000F8C
_RCONbits                (abs)        000FD0
_TRISD                   (abs)        000F95
__HRAM                   (abs)        000000
__Habs1                  abs1         000000
__Hbank0                 bank0        000000
__Hbank1                 bank1        000000
__Hbank2                 bank2        000000
__Hbank3                 bank3        000000
__Hbank4                 bank4        000000
__Hbank5                 bank5        000000
__Hbigbss                bigbss       000000
__Hbigdata               bigdata      000000
__Hbigram                bigram       000000
__Hbss                   bss          000000
__HbssCOMRAM             bssCOMRAM    000000
__Hcinit                 cinit        000000
__Hclrtext               clrtext      000000
__Hcomram                comram       000000
__Hconfig                config       30000E
__Hconst                 const        000000
__HcstackCOMRAM          cstackCOMRAM 000000
__Hdata                  data         000000
__HdataCOMRAM            dataCOMRAM   000000
__Heeprom_data           eeprom_data  000000
__Hfarbss                farbss       000000
__Hfardata               fardata      000000
__Hibigdata              ibigdata     000000
__Hidata                 idata        000000
__HidataCOMRAM           idataCOMRAM  000000
__Hidloc                 idloc        200008
__Hifardata              ifardata     000000
__Hinit                  init         000004
__Hintcode               intcode      000000
__Hintcode_body          intcode_body 000000
__Hintcodelo             intcodelo    000000
__Hintentry              intentry     000000
__Hintret                intret       000000
__Hintsave_regs          intsave_regs 000000
__Hirdata                irdata       000000
__Hmediumconst           mediumconst  000000
__HnvFARRAM              nvFARRAM     000000
__Hnvbit                 nvbit        000000
__Hnvrram                nvrram       000000
__Hparam                 rparam       000000
__Hpowerup               powerup      000000
__Hram                   ram          000000
__Hramtop                ramtop       000600
__Hrbit                  rbit         000000
__Hrbss                  rbss         000000
__Hrdata                 rdata        000000
__Hreset_vec             reset_vec    000000
__Hrparam                rparam       000000
__Hsfr                   sfr          000000
__Hsmallconst            smallconst   000000
__Hspace_0               (abs)        008000
__Hspace_1               (abs)        00001C
__Hspace_2               (abs)        000000
__Hspace_4               (abs)        60000E
__Hstack                 stack        000000
__Hstruct                struct       000000
__Htemp                  temp         000000
__Htext                  text         000000
__Htext0                 text0        000000
__Htext1                 text1        000000
__Htext2                 text2        000000
__LRAM                   (abs)        000001
__Labs1                  abs1         000000
__Lbank0                 bank0        000000
__Lbank1                 bank1        000000
__Lbank2                 bank2        000000
__Lbank3                 bank3        000000
__Lbank4                 bank4        000000
__Lbank5                 bank5        000000
__Lbigbss                bigbss       000000
__Lbigdata               bigdata      000000
__Lbigram                bigram       000000
__Lbss                   bss          000000
__LbssCOMRAM             bssCOMRAM    000000
__Lcinit                 cinit        000000
__Lclrtext               clrtext      000000
__Lcomram                comram       000000
__Lconfig                config       000000
__Lconst                 const        000000
__LcstackCOMRAM          cstackCOMRAM 000000
__Ldata                  data         000000
__LdataCOMRAM            dataCOMRAM   000000
__Leeprom_data           eeprom_data  000000
__Lfarbss                farbss       000000
__Lfardata               fardata      000000
__Libigdata              ibigdata     000000
__Lidata                 idata        000000
__LidataCOMRAM           idataCOMRAM  000000
__Lidloc                 idloc        000000
__Lifardata              ifardata     000000
__Linit                  init         000000
__Lintcode               intcode      000000
__Lintcode_body          intcode_body 000000
__Lintcodelo             intcodelo    000000
__Lintentry              intentry     000000
__Lintret                intret       000000
__Lintsave_regs          intsave_regs 000000
__Lirdata                irdata       000000
__Lmediumconst           mediumconst  000000
__LnvFARRAM              nvFARRAM     000000
__Lnvbit                 nvbit        000000
__Lnvrram                nvrram       000000
__Lparam                 rparam       000000
__Lpowerup               powerup      000000
__Lram                   ram          000000
__Lramtop                ramtop       000600
__Lrbit                  rbit         000000
__Lrbss                  rbss         000000
__Lrdata                 rdata        000000
__Lreset_vec             reset_vec    000000
__Lrparam                rparam       000000
__Lsfr                   sfr          000000
__Lsmallconst            smallconst   000000
__Lspace_0               (abs)        000000
__Lspace_1               (abs)        000000
__Lspace_2               (abs)        000000
__Lspace_4               (abs)        000000
__Lstack                 stack        000000
__Lstruct                struct       000000
__Ltemp                  temp         000000
__Ltext                  text         000000
__Ltext0                 text0        000000
__Ltext1                 text1        000000
__Ltext2                 text2        000000
__S0                     (abs)        008000
__S1                     (abs)        00001C
__S2                     (abs)        000000
__S4                     (abs)        000000
__S5                     (abs)        000000
___inthi_sp              stack        000000
___intlo_sp              stack        000000
___param_bank            (abs)        000000
___rparam_used           (abs)        000001
___sp                    stack        000000
__accesstop              (abs)        000080
__activetblptr           (abs)        000000
__end_of_EEPROMread      text2        007E26
__end_of_EEPROMwrite     text1        008000
__end_of__initialization cinit        007E48
__end_of_main            text0        007EF2
__initialization         cinit        007E26
__mediumconst            mediumconst  000000
__pbssCOMRAM             bssCOMRAM    00001B
__pcinit                 cinit        007E26
__pcstackCOMRAM          cstackCOMRAM 000001
__pdataCOMRAM            dataCOMRAM   000017
__pidataCOMRAM           idataCOMRAM  007E12
__ptext0                 text0        007E4E
__ptext1                 text1        007EF2
__ptext2                 text2        007E16
__ramtop                 ramtop       000600
__size_of_EEPROMread     (abs)        000000
__size_of_EEPROMwrite    (abs)        000000
__size_of_main           (abs)        000000
__smallconst             smallconst   000000
_led                     bssCOMRAM    00001B
_main                    text0        007E4E
_numb                    dataCOMRAM   000017
end_of_initialization    cinit        007E48
intlevel0                text         000000
intlevel1                text         000000
intlevel2                text         000000
intlevel3                text         000000
isa$std                  (abs)        000001
isa$xinst                (abs)        000000
stackhi                  (abs)        0005FF
stacklo                  (abs)        000080
start                    init         000000
start_initialization     cinit        007E26


MODULE INFORMATION

Module		Function		Class		Link	Load	Size
shared
		__initialization		CODE           	7E26	0000	34

shared estimated size: 34

main.c
		_main          		CODE           	7E4E	0000	164
		_EEPROMread    		CODE           	7E16	0000	16
		_EEPROMwrite   		CODE           	7EF2	0000	270

main.c estimated size: 450

