Microchip MPLAB XC8 Compiler V2.20

Linker command line:

-W-3 --edf=/Applications/microchip/xc8/v2.20/pic/dat/en_msgs.txt -cn \
  -h+dist/default/production/segment7DrivingTransistor.X.production.sym \
  --cmf=dist/default/production/segment7DrivingTransistor.X.production.cmf \
  -z -Q16F84A -o/tmp/xcIQEPCqY --defsym=__MPLAB_BUILD=1 \
  -Mdist/default/production/segment7DrivingTransistor.X.production.map -E1 \
  -ver=XC8 Compiler --acfsm=1493 -ASTACK=01Ah-04Dh -pstack=STACK \
  -ACODE=00h-03FFh -ASTRCODE=00h-03FFh -ASTRING=00h-0FFhx4 \
  -ACONST=00h-0FFhx4 -AENTRY=00h-0FFhx4 -ABANK0=0Ch-04Dh -ARAM=0Ch-04Dh \
  -AABS1=0Ch-04Fh -ACOMMON=04Eh-04Fh -ASFR0=00h-0Bh -ASFR1=080h-0CDh \
  -ACONFIG=02007h-02007h -DCONFIG=2 -AIDLOC=02000h-02003h -DIDLOC=2 \
  -preset_vec=00h,intentry,init,end_init -ppowerup=CODE -pcinit=CODE \
  -pfunctab=ENTRY -AEEDATA=00h-03Fh/02100h -peeprom_data=EEDATA -DEEDATA=2 \
  -DCODE=2 -DSTRCODE=2 -DSTRING=2 -DCONST=2 -DENTRY=2 -k /tmp/xcMMOAciP.o \
  dist/default/production/segment7DrivingTransistor.X.production.o 

Object code version is 3.11

Machine type is 16F84A



                Name                               Link     Load   Length Selector   Space Scale
/tmp/xcMMOAciP.o
                end_init                              0        0        1        0       0
                config                             2007     2007        1        0       4
dist/default/production/segment7DrivingTransistor.X.production.o
                cinit                               3EA      3EA       16      7D4       0
                config                             2007     2007        1        0       4
                maintext                            3BF      3BF       2B      77E       0
                cstackBANK0                          16       16        4        C       1
                dataBANK0                             C        C        A        C       1
                idataBANK0                          3B5      3B5        A      76A       0

TOTAL           Name                               Link     Load   Length     Space
        CLASS   STACK          

        CLASS   CODE           
                end_init                              0        0        1         0
                cinit                               3EA      3EA       16         0
                maintext                            3BF      3BF       2B         0
                idataBANK0                          3B5      3B5        A         0

        CLASS   STRCODE        

        CLASS   STRING         

        CLASS   CONST          

        CLASS   ENTRY          

        CLASS   BANK0          
                cstackBANK0                          16       16        4         1
                dataBANK0                             C        C        A         1

        CLASS   RAM            

        CLASS   ABS1           
                abs_s1                               4E       4E        2         1

        CLASS   COMMON         

        CLASS   SFR0           

        CLASS   SFR1           

        CLASS   CONFIG         
                config                             2007     2007        1         4

        CLASS   IDLOC          

        CLASS   EEDATA         

        CLASS   BANK1          



SEGMENTS        Name                           Load    Length   Top    Selector   Space  Class     Delta

                maintext                       0003BF  00002B  0003EA       77E       0  CODE        2
                reset_vec                      000000  000001  000001         0       0  CODE        2
                idataBANK0                     0003B5  00000A  0003BF       76A       0  CODE        2
                dataBANK0                      00000C  00000E  00001A         C       1  BANK0       1
                cinit                          0003EA  000016  000400       7D4       0  CODE        2


UNUSED ADDRESS RANGES

        Name                Unused          Largest block    Delta
        BANK0            001A-004D             34           1
        CODE             0001-03B4            3B4           2
        CONST            0001-03B4            100           2
        EEDATA           2100-213F             40           2
        ENTRY            0001-03B4            100           2
        IDLOC            2000-2003              4           2
        RAM              001A-004D             34           1
        SFR0             0000-000B              C           1
        SFR1             0080-00CD             4E           1
        STACK            001A-004D             34           1
        STRCODE          0001-03B4            3B4           2
        STRING           0001-03B4            100           2

                                  Symbol Table

_PORTA                   (abs)       0005
_PORTB                   (abs)       0006
_TRISA                   (abs)       0085
_TRISB                   (abs)       0086
__Habs1                  abs1        0000
__Hbank0                 bank0       0000
__Hbank1                 bank1       0000
__Hcinit                 cinit       0400
__Hclrtext               clrtext     0000
__Hcode                  code        0000
__Hcommon                common      0000
__Hconfig                config      2008
__HcstackBANK0           cstackBANK0 0000
__HdataBANK0             dataBANK0   0000
__Heeprom_data           eeprom_data 0000
__Hend_init              end_init    0001
__Hfunctab               functab     0000
__HidataBANK0            idataBANK0  0000
__Hinit                  init        0000
__Hintentry              intentry    0000
__Hmaintext              maintext    0000
__Hpowerup               powerup     0000
__Hram                   ram         0000
__Hreset_vec             reset_vec   0000
__Hsfr0                  sfr0        0000
__Hsfr1                  sfr1        0000
__Hspace_0               (abs)       0400
__Hspace_1               (abs)       001A
__Hspace_2               (abs)       0000
__Hspace_3               (abs)       0000
__Hspace_4               (abs)       400F
__Hstack                 stack       0000
__Hstrings               strings     0000
__Htext                  text        0000
__Labs1                  abs1        0000
__Lbank0                 bank0       0000
__Lbank1                 bank1       0000
__Lcinit                 cinit       03EA
__Lclrtext               clrtext     0000
__Lcode                  code        0000
__Lcommon                common      0000
__Lconfig                config      0000
__LcstackBANK0           cstackBANK0 0000
__LdataBANK0             dataBANK0   0000
__Leeprom_data           eeprom_data 0000
__Lend_init              end_init    0000
__Lfunctab               functab     0000
__LidataBANK0            idataBANK0  0000
__Linit                  init        0000
__Lintentry              intentry    0000
__Lmaintext              maintext    0000
__Lpowerup               powerup     0000
__Lram                   ram         0000
__Lreset_vec             reset_vec   0000
__Lsfr0                  sfr0        0000
__Lsfr1                  sfr1        0000
__Lspace_0               (abs)       0000
__Lspace_1               (abs)       0000
__Lspace_2               (abs)       0000
__Lspace_3               (abs)       0000
__Lspace_4               (abs)       0000
__Lstack                 stack       0000
__Lstrings               strings     0000
__Ltext                  text        0000
__S0                     (abs)       0400
__S1                     (abs)       001A
__S2                     (abs)       0000
__S3                     (abs)       0000
___int_sp                stack       0000
___latbits               (abs)       0000
___sp                    stack       0000
___stackhi               (abs)       0000
___stacklo               (abs)       0000
__end_of__initialization cinit       03FE
__end_of_main            maintext    03EA
__initialization         cinit       03EA
__pcstackBANK0           cstackBANK0 0016
__pdataBANK0             dataBANK0   000C
__pidataBANK0            idataBANK0  03B5
__pmaintext              maintext    03BF
__size_of_main           (abs)       0000
_ledArray                dataBANK0   000C
_main                    maintext    03BF
btemp                    (abs)       004E
end_of_initialization    cinit       03FE
intlevel0                functab     0000
intlevel1                functab     0000
intlevel2                functab     0000
intlevel3                functab     0000
intlevel4                functab     0000
intlevel5                functab     0000
main@i                   cstackBANK0 0019
reset_vec                reset_vec   0000
start                    init        0000
start_initialization     cinit       03EA
wtemp0                   (abs)       004E


FUNCTION INFORMATION:

 *************** function _main *****************
 Defined at:
		line 71 in file "main.c"
 Parameters:    Size  Location     Type
		None
 Auto vars:     Size  Location     Type
  i               1    3[BANK0 ] char 
 Return value:  Size  Location     Type
                  1    wreg      void 
 Registers used:
		wreg, fsr0l, fsr0h, status,2, status,0
 Tracked objects:
		On entry : 
		On exit  : 
		Unchanged: 
 Data sizes:     COMMON   BANK0
      Params:         0       0
      Locals:         0       1
      Temps:          0       3
      Totals:         0       4
Total ram usage:        4 bytes
 This function calls:
		Nothing
 This function is called by:
		Startup code after reset
 This function uses a non-reentrant model



MODULE INFORMATION

Module		Function		Class		Link	Load	Size
shared
		__initialization		CODE           	03EA	0000	21

shared estimated size: 21

main.c
		_main          		CODE           	03BF	0000	44

main.c estimated size: 44

