Microchip MPLAB XC8 Compiler V2.32

Linker command line:

-W-3 --edf=C:\Program Files\Microchip\xc8\v2.32\pic\dat\en_msgs.txt -cn \
  -h+dist/default/debug\i2c_ds1307.X.debug.sym \
  --cmf=dist/default/debug\i2c_ds1307.X.debug.cmf -z -Q18F4520 \
  -oC:\Users\enes\AppData\Local\Temp\xcAsbr0.5 --defsym=__MPLAB_BUILD=1 \
  -Mdist/default/debug/i2c_ds1307.X.debug.map -E1 -ver=XC8 Compiler \
  --acfsm=1493 -ASTACK=0200h-05FFh -pstack=STACK -ACODE=00h-07FFFh \
  -ACONST=00h-07FFFh -ASMALLCONST=0600h-06FFhx122 \
  -AMEDIUMCONST=0600h-07FFFh -ACOMRAM=01h-07Fh -AABS1=00h-05FFh \
  -ABIGRAM=01h-05FFh -ARAM=080h-0FFh,0100h-01FFhx5 -ABANK0=080h-0FFh \
  -ABANK1=0100h-01FFh -ABANK2=0200h-02FFh -ABANK3=0300h-03FFh \
  -ABANK4=0400h-04FFh -ABANK5=0500h-05FFh -ASFR=0F80h-0FFFh \
  -ACONFIG=0300000h-030000Dh -AIDLOC=0200000h-0200007h \
  -AEEDATA=0F00000h-0F000FFh -peeprom_data=EEDATA \
  -preset_vec=00h,intcode=08h,intcodelo=018h,powerup,init -pramtop=0600h \
  -psmallconst=SMALLCONST -pmediumconst=MEDIUMCONST -pconst=CONST \
  -AFARRAM=00h-00h \
  -prdata=COMRAM,nvrram=COMRAM,nvbit=COMRAM,rbss=COMRAM,rbit=COMRAM \
  -pfarbss=FARRAM,fardata=FARRAM,nvFARRAM=FARRAM \
  -pintsave_regs=BIGRAM,bigbss=BIGRAM,bigdata=BIGRAM -pbss=RAM \
  -pidata=CODE,irdata=CODE,ibigdata=CODE,ifardata=CODE -prparam=COMRAM \
  C:\Users\enes\AppData\Local\Temp\xcAsbr0.o \
  dist/default/debug\i2c_ds1307.X.debug.o 

Object code version is 3.11

Machine type is 18F4520



                Name                               Link     Load   Length Selector   Space Scale
C:\Users\enes\AppData\Local\Temp\xcAsbr0.o
                idloc                            200000   200000        8        0       5
                config                           300000   300000        E        0       4
                init                                 70       70        4        C       0
                reset_vec                             0        0        4        0       0
dist/default/debug\i2c_ds1307.X.debug.o
                intcodelo                            18       18       58        C       0
                intcode                               8        8        6        4       0
                idloc                            200000   200000        8        0       5
                config                           300000   300000        E        0       4
                temp                                 25       25        1        1       1
                intcode_body                        274      274       3C        C       0
                text8                                74       74       A4        C       0
                text7                               118      118       94        C       0
                text6                               218      218       5C        C       0
                text5                               2DA      2DA       26        C       0
                text4                               332      332        8        C       0
                text3                               32A      32A        8        C       0
                text2                               322      322        8        C       0
                text1                               2B0      2B0       2A        C       0
                text0                               1AC      1AC       6C        C       0
                cstackCOMRAM                          1        1       22        1       1
                bssBANK1                            100      100      100      100       1
                bssCOMRAM                            23       23        2        1       1
                cinit                               300      300       22        C       0

TOTAL           Name                               Link     Load   Length     Space
        CLASS   STACK          

        CLASS   CODE           
                intcodelo                            18       18       58         0
                intcode                               8        8        6         0
                init                                 70       70        4         0
                reset_vec                             0        0        4         0
                intcode_body                        274      274       3C         0
                text8                                74       74       A4         0
                text7                               118      118       94         0
                text6                               218      218       5C         0
                text5                               2DA      2DA       26         0
                text4                               332      332        8         0
                text3                               32A      32A        8         0
                text2                               322      322        8         0
                text1                               2B0      2B0       2A         0
                text0                               1AC      1AC       6C         0
                cinit                               300      300       22         0

        CLASS   CONST          

        CLASS   SMALLCONST     

        CLASS   MEDIUMCONST    

        CLASS   COMRAM         
                temp                                 25       25        1         1
                cstackCOMRAM                          1        1       22         1
                bssCOMRAM                            23       23        2         1

        CLASS   ABS1           

        CLASS   BIGRAM         

        CLASS   RAM            

        CLASS   BANK0          

        CLASS   BANK1          
                bssBANK1                            100      100      100         1

        CLASS   BANK2          

        CLASS   BANK3          

        CLASS   BANK4          

        CLASS   BANK5          

        CLASS   SFR            

        CLASS   CONFIG         
                config                           300000   300000        E         4

        CLASS   IDLOC          
                idloc                            200000   200000        8         5

        CLASS   EEDATA         

        CLASS   FARRAM         



SEGMENTS        Name                           Load    Length   Top    Selector   Space  Class

                reset_vec                      000000  000004  000004         0       0  CODE    
                cstackCOMRAM                   000001  000025  000026         1       1  COMRAM  
                intcode                        000008  000006  00000E         4       0  CODE    
                intcodelo                      000018  000322  00033A         C       0  CODE    
                bssBANK1                       000100  000100  000200       100       1  BANK1   


UNUSED ADDRESS RANGES

        Name                Unused          Largest block    Delta
        BANK0            000080-0000FF               80
        BANK2            000200-0002FF              100
        BANK3            000300-0003FF              100
        BANK4            000400-0004FF              100
        BANK5            000500-0005FF              100
        BIGRAM           000026-0000FF               DA
                         000200-0005FF              400
        CODE             000004-000007                4
                         00000E-000017                A
                         00033A-007FFF             7CC6
        COMRAM           000026-00007F               5A
        CONST            000004-000007                4
                         00000E-000017                A
                         00033A-007FFF             7CC6
        EEDATA           F00000-F000FF              100
        MEDIUMCONST      000600-007FFF             7A00
        RAM              000080-0000FF               80
                         000200-0005FF              100
        SFR              000F80-000FFF               80
        SMALLCONST       000600-007FFF              100
        STACK            000200-0005FF              400

                                  Symbol Table

?___lldiv                     cstackCOMRAM 000006
UART_Init@baudrate            cstackCOMRAM 000013
UART_Init@baudrate_calculated cstackCOMRAM 00001F
_ACKDT                        (abs)        007E2D
_BAUDCONbits                  (abs)        000FB8
_INTCONbits                   (abs)        000FF2
_IPR1bits                     (abs)        000F9F
_LATBbits                     (abs)        000F8A
_PIE1bits                     (abs)        000F9D
_PIR1bits                     (abs)        000F9E
_RCSTAbits                    (abs)        000FAB
_SPBRG                        (abs)        000FAF
_SPBRGH                       (abs)        000FB0
_SSPADD                       (abs)        000FC8
_SSPBUF                       (abs)        000FC9
_SSPCON1                      (abs)        000FC6
_SSPCON2                      (abs)        000FC5
_SSPCON2bits                  (abs)        000FC5
_SSPSTAT                      (abs)        000FC7
_SSPSTATbits                  (abs)        000FC7
_TRISCbits                    (abs)        000F94
_TRMT                         (abs)        007D61
_TXREG                        (abs)        000FAD
_TXSTAbits                    (abs)        000FAC
_UART_Init                    text7        000118
__HRAM                        (abs)        000000
__Habs1                       abs1         000000
__Hbank0                      bank0        000000
__Hbank1                      bank1        000000
__Hbank2                      bank2        000000
__Hbank3                      bank3        000000
__Hbank4                      bank4        000000
__Hbank5                      bank5        000000
__Hbigbss                     bigbss       000000
__Hbigdata                    bigdata      000000
__Hbigram                     bigram       000000
__Hbss                        bss          000000
__HbssBANK1                   bssBANK1     000000
__HbssCOMRAM                  bssCOMRAM    000000
__Hcinit                      cinit        000000
__Hclrtext                    clrtext      000000
__Hcomram                     comram       000000
__Hconfig                     config       30000E
__Hconst                      const        000000
__HcstackCOMRAM               cstackCOMRAM 000000
__Hdata                       data         000000
__Heeprom_data                eeprom_data  000000
__Hfarbss                     farbss       000000
__Hfardata                    fardata      000000
__Hibigdata                   ibigdata     000000
__Hidata                      idata        000000
__Hidloc                      idloc        200008
__Hifardata                   ifardata     000000
__Hinit                       init         000074
__Hintcode                    intcode      00000E
__Hintcode_body               intcode_body 000000
__Hintcodelo                  intcodelo    000070
__Hintentry                   intentry     000000
__Hintret                     intret       000000
__Hintsave_regs               intsave_regs 000000
__Hirdata                     irdata       000000
__Hmediumconst                mediumconst  000000
__HnvFARRAM                   nvFARRAM     000000
__Hnvbit                      nvbit        000000
__Hnvrram                     nvrram       000000
__Hparam                      rparam       000000
__Hpowerup                    powerup      000070
__Hram                        ram          000000
__Hramtop                     ramtop       000600
__Hrbit                       rbit         000000
__Hrbss                       rbss         000000
__Hrdata                      rdata        000000
__Hreset_vec                  reset_vec    000004
__Hrparam                     rparam       000000
__Hsfr                        sfr          000000
__Hsmallconst                 smallconst   000000
__Hspace_0                    (abs)        000600
__Hspace_1                    (abs)        000200
__Hspace_2                    (abs)        000000
__Hspace_4                    (abs)        60000E
__Hstack                      stack        000000
__Hstruct                     struct       000000
__Htemp                       temp         000026
__Htext                       text         000000
__Htext0                      text0        000000
__Htext1                      text1        000000
__Htext2                      text2        000000
__Htext3                      text3        000000
__Htext4                      text4        000000
__Htext5                      text5        000000
__Htext6                      text6        000000
__Htext7                      text7        000000
__Htext8                      text8        000000
__LRAM                        (abs)        000001
__Labs1                       abs1         000000
__Lbank0                      bank0        000000
__Lbank1                      bank1        000000
__Lbank2                      bank2        000000
__Lbank3                      bank3        000000
__Lbank4                      bank4        000000
__Lbank5                      bank5        000000
__Lbigbss                     bigbss       000000
__Lbigdata                    bigdata      000000
__Lbigram                     bigram       000000
__Lbss                        bss          000000
__LbssBANK1                   bssBANK1     000000
__LbssCOMRAM                  bssCOMRAM    000000
__Lcinit                      cinit        000000
__Lclrtext                    clrtext      000000
__Lcomram                     comram       000000
__Lconfig                     config       000000
__Lconst                      const        000000
__LcstackCOMRAM               cstackCOMRAM 000000
__Ldata                       data         000000
__Leeprom_data                eeprom_data  000000
__Lfarbss                     farbss       000000
__Lfardata                    fardata      000000
__Libigdata                   ibigdata     000000
__Lidata                      idata        000000
__Lidloc                      idloc        000000
__Lifardata                   ifardata     000000
__Linit                       init         000070
__Lintcode                    intcode      000008
__Lintcode_body               intcode_body 000000
__Lintcodelo                  intcodelo    000018
__Lintentry                   intentry     000000
__Lintret                     intret       000000
__Lintsave_regs               intsave_regs 000000
__Lirdata                     irdata       000000
__Lmediumconst                mediumconst  000000
__LnvFARRAM                   nvFARRAM     000000
__Lnvbit                      nvbit        000000
__Lnvrram                     nvrram       000000
__Lparam                      rparam       000000
__Lpowerup                    powerup      000070
__Lram                        ram          000000
__Lramtop                     ramtop       000600
__Lrbit                       rbit         000000
__Lrbss                       rbss         000000
__Lrdata                      rdata        000000
__Lreset_vec                  reset_vec    000000
__Lrparam                     rparam       000000
__Lsfr                        sfr          000000
__Lsmallconst                 smallconst   000000
__Lspace_0                    (abs)        000000
__Lspace_1                    (abs)        000000
__Lspace_2                    (abs)        000000
__Lspace_4                    (abs)        000000
__Lstack                      stack        000000
__Lstruct                     struct       000000
__Ltemp                       temp         000025
__Ltext                       text         000000
__Ltext0                      text0        000000
__Ltext1                      text1        000000
__Ltext2                      text2        000000
__Ltext3                      text3        000000
__Ltext4                      text4        000000
__Ltext5                      text5        000000
__Ltext6                      text6        000000
__Ltext7                      text7        000000
__Ltext8                      text8        000000
__S0                          (abs)        00033A
__S1                          (abs)        000200
__S2                          (abs)        000000
__S4                          (abs)        000000
__S5                          (abs)        000000
___inthi_sp                   stack        000000
___intlo_sp                   stack        000000
___lldiv                      text8        000074
___lldiv@counter              cstackCOMRAM 000012
___lldiv@dividend             cstackCOMRAM 000006
___lldiv@divisor              cstackCOMRAM 00000A
___lldiv@quotient             cstackCOMRAM 00000E
___param_bank                 (abs)        000000
___rparam_used                (abs)        000001
___sp                         stack        000000
__accesstop                   (abs)        000080
__activetblptr                (abs)        000000
__end_of_UART_Init            text7        0001AC
__end_of___lldiv              text8        000118
__end_of__initialization      cinit        000318
__end_of_high_isr             intcode_body 0002B0
__end_of_i2c_idle             text5        000300
__end_of_i2c_init             text6        000274
__end_of_i2c_repStart         text4        00033A
__end_of_i2c_start            text3        000332
__end_of_i2c_stop             text2        00032A
__end_of_i2c_write            text1        0002DA
__end_of_low_isr              intcodelo    000070
__end_of_main                 text0        000218
__initialization              cinit        000300
__mediumconst                 mediumconst  000000
__pbssBANK1                   bssBANK1     000100
__pbssCOMRAM                  bssCOMRAM    000023
__pcinit                      cinit        000300
__pcstackCOMRAM               cstackCOMRAM 000001
__pintcode                    intcode      000008
__pintcode_body               intcode_body 000274
__pintcodelo                  intcodelo    000018
__ptext0                      text0        0001AC
__ptext1                      text1        0002B0
__ptext2                      text2        000322
__ptext3                      text3        00032A
__ptext4                      text4        000332
__ptext5                      text5        0002DA
__ptext6                      text6        000218
__ptext7                      text7        000118
__ptext8                      text8        000074
__ramtop                      ramtop       000600
__size_of_UART_Init           (abs)        000000
__size_of___lldiv             (abs)        000000
__size_of_high_isr            (abs)        000000
__size_of_i2c_idle            (abs)        000000
__size_of_i2c_init            (abs)        000000
__size_of_i2c_repStart        (abs)        000000
__size_of_i2c_start           (abs)        000000
__size_of_i2c_stop            (abs)        000000
__size_of_i2c_write           (abs)        000000
__size_of_low_isr             (abs)        000000
__size_of_main                (abs)        000000
__smallconst                  smallconst   000000
_counter                      bssCOMRAM    000024
_high_isr                     intcode      000008
_i2c_idle                     text5        0002DA
_i2c_init                     text6        000218
_i2c_repStart                 text4        000332
_i2c_start                    text3        00032A
_i2c_stop                     text2        000322
_i2c_write                    text1        0002B0
_low_isr                      intcodelo    000018
_main                         text0        0001AC
_print_buffer                 bssBANK1     000100
_uart_data                    bssCOMRAM    000023
btemp                         temp         000025
end_of_initialization         cinit        000318
i2c_init@i2c_freq             cstackCOMRAM 000013
i2c_write@i2c_data            cstackCOMRAM 000007
int$flags                     temp         000025
int_func                      intcode_body 000274
intlevel0                     text         000000
intlevel1                     text         000000
intlevel2                     text         000000
intlevel3                     text         000000
isa$std                       (abs)        000001
isa$xinst                     (abs)        000000
stackhi                       (abs)        0005FF
stacklo                       (abs)        000200
start                         init         000070
start_initialization          cinit        000300
ttemp5                        temp         000026
ttemp6                        temp         000029
ttemp7                        temp         00002D
wtemp8                        temp         000026


MODULE INFORMATION

Module		Function		Class		Link	Load	Size
shared
		__initialization		CODE           	0300	0000	24

shared estimated size: 24

C:\Program Files\Microchip\xc8\v2.32\pic\sources\c99\common\__lldiv.c
		___lldiv       		CODE           	0074	0000	164

C:\Program Files\Microchip\xc8\v2.32\pic\sources\c99\common\__lldiv.c estimated size: 164

main.c
		_i2c_start     		CODE           	032A	0000	8
		_i2c_repStart  		CODE           	0332	0000	8
		_UART_Init     		CODE           	0118	0000	148
		_main          		CODE           	01AC	0000	108
		_high_isr      		CODE           	0008	0000	66
		_i2c_idle      		CODE           	02DA	0000	38
		_i2c_write     		CODE           	02B0	0000	42
		_i2c_stop      		CODE           	0322	0000	8
		_i2c_init      		CODE           	0218	0000	92
		_low_isr       		CODE           	0018	0000	88

main.c estimated size: 606

