Microchip MPLAB XC8 Compiler V2.32

Linker command line:

-W-3 --edf=C:\Program Files\Microchip\xc8\v2.32\pic\dat\en_msgs.txt -cn \
  -h+dist/default/debug\usart_pic18f4520.X.debug.sym \
  --cmf=dist/default/debug\usart_pic18f4520.X.debug.cmf -z -Q18F4520 \
  -oC:\Users\enes\AppData\Local\Temp\xcAsbtg.4 --defsym=__MPLAB_BUILD=1 \
  -Mdist/default/debug/usart_pic18f4520.X.debug.map -E1 -ver=XC8 Compiler \
  --acfsm=1493 -ASTACK=080h-05FFh -pstack=STACK -ACODE=00h-07FFFh \
  -ACONST=00h-07FFFh -ASMALLCONST=0600h-06FFhx122 \
  -AMEDIUMCONST=0600h-07FFFh -ACOMRAM=01h-07Fh -AABS1=00h-05FFh \
  -ABIGRAM=01h-05FFh -ARAM=080h-0FFh,0100h-01FFhx5 -ABANK0=080h-0FFh \
  -ABANK1=0100h-01FFh -ABANK2=0200h-02FFh -ABANK3=0300h-03FFh \
  -ABANK4=0400h-04FFh -ABANK5=0500h-05FFh -ASFR=0F80h-0FFFh \
  -ACONFIG=0300000h-030000Dh -AIDLOC=0200000h-0200007h \
  -AEEDATA=0F00000h-0F000FFh -peeprom_data=EEDATA \
  -preset_vec=00h,intcode=08h,intcodelo=018h,powerup,init -pramtop=0600h \
  -psmallconst=SMALLCONST -pmediumconst=MEDIUMCONST -pconst=CONST \
  -AFARRAM=00h-00h \
  -prdata=COMRAM,nvrram=COMRAM,nvbit=COMRAM,rbss=COMRAM,rbit=COMRAM \
  -pfarbss=FARRAM,fardata=FARRAM,nvFARRAM=FARRAM \
  -pintsave_regs=BIGRAM,bigbss=BIGRAM,bigdata=BIGRAM -pbss=RAM \
  -pidata=CODE,irdata=CODE,ibigdata=CODE,ifardata=CODE -prparam=COMRAM \
  C:\Users\enes\AppData\Local\Temp\xcAsbtg.o \
  dist/default/debug\usart_pic18f4520.X.debug.o 

Object code version is 3.11

Machine type is 18F4520



                Name                               Link     Load   Length Selector   Space Scale
C:\Users\enes\AppData\Local\Temp\xcAsbtg.o
                idloc                            200000   200000        8        0       5
                config                           300000   300000        E        0       4
                init                                 70       70        4        C       0
                reset_vec                             0        0        4        0       0
dist/default/debug\usart_pic18f4520.X.debug.o
                intcodelo                            18       18       58        C       0
                intcode                               8        8        6        4       0
                idloc                            200000   200000        8        0       5
                config                           300000   300000        E        0       4
                temp                                 34       34        1        1       1
                intcode_body                        22E      22E       3C        C       0
                text4                                74       74       A4        C       0
                text3                               118      118       94        C       0
                text2                               294      294       16        C       0
                text1                               1EE      1EE       40        C       0
                text0                               1AC      1AC       42        C       0
                cstackCOMRAM                          1        1       22        1       1
                dataCOMRAM                           23       23       11        1       1
                cinit                               26A      26A       2A        C       0
                idataCOMRAM                         2AA      2AA       11        C       0

TOTAL           Name                               Link     Load   Length     Space
        CLASS   STACK          

        CLASS   CODE           
                intcodelo                            18       18       58         0
                intcode                               8        8        6         0
                init                                 70       70        4         0
                reset_vec                             0        0        4         0
                intcode_body                        22E      22E       3C         0
                text4                                74       74       A4         0
                text3                               118      118       94         0
                text2                               294      294       16         0
                text1                               1EE      1EE       40         0
                text0                               1AC      1AC       42         0
                cinit                               26A      26A       2A         0
                idataCOMRAM                         2AA      2AA       11         0

        CLASS   CONST          

        CLASS   SMALLCONST     

        CLASS   MEDIUMCONST    

        CLASS   COMRAM         
                temp                                 34       34        1         1
                cstackCOMRAM                          1        1       22         1
                dataCOMRAM                           23       23       11         1

        CLASS   ABS1           

        CLASS   BIGRAM         

        CLASS   RAM            

        CLASS   BANK0          

        CLASS   BANK1          

        CLASS   BANK2          

        CLASS   BANK3          

        CLASS   BANK4          

        CLASS   BANK5          

        CLASS   SFR            

        CLASS   CONFIG         
                config                           300000   300000        E         4

        CLASS   IDLOC          
                idloc                            200000   200000        8         5

        CLASS   EEDATA         

        CLASS   FARRAM         



SEGMENTS        Name                           Load    Length   Top    Selector   Space  Class

                reset_vec                      000000  000004  000004         0       0  CODE    
                cstackCOMRAM                   000001  000034  000035         1       1  COMRAM  
                intcode                        000008  000006  00000E         4       0  CODE    
                intcodelo                      000018  0002A3  0002BB         C       0  CODE    


UNUSED ADDRESS RANGES

        Name                Unused          Largest block    Delta
        BANK0            000080-0000FF               80
        BANK1            000100-0001FF              100
        BANK2            000200-0002FF              100
        BANK3            000300-0003FF              100
        BANK4            000400-0004FF              100
        BANK5            000500-0005FF              100
        BIGRAM           000035-0005FF              5CB
        CODE             000004-000007                4
                         00000E-000017                A
                         0002BB-007FFF             7D45
        COMRAM           000035-00007F               4B
        CONST            000004-000007                4
                         00000E-000017                A
                         0002BB-007FFF             7D45
        EEDATA           F00000-F000FF              100
        MEDIUMCONST      000600-007FFF             7A00
        RAM              000080-0005FF              100
        SFR              000F80-000FFF               80
        SMALLCONST       000600-007FFF              100
        STACK            000080-0005FF              580

                                  Symbol Table

?___lldiv                     cstackCOMRAM 000006
UART_Init@baudrate            cstackCOMRAM 000013
UART_Init@baudrate_calculated cstackCOMRAM 00001F
UART_Write@data               cstackCOMRAM 000006
UART_Write_Text@i             cstackCOMRAM 000009
UART_Write_Text@text          cstackCOMRAM 000007
_BAUDCONbits                  (abs)        000FB8
_INTCONbits                   (abs)        000FF2
_LATBbits                     (abs)        000F8A
_PIR1bits                     (abs)        000F9E
_RCSTAbits                    (abs)        000FAB
_SPBRG                        (abs)        000FAF
_SPBRGH                       (abs)        000FB0
_TRISBbits                    (abs)        000F93
_TRISCbits                    (abs)        000F94
_TRMT                         (abs)        007D61
_TXREG                        (abs)        000FAD
_TXSTAbits                    (abs)        000FAC
_UART_Init                    text3        000118
_UART_Write                   text2        000294
_UART_Write_Text              text1        0001EE
__HRAM                        (abs)        000000
__Habs1                       abs1         000000
__Hbank0                      bank0        000000
__Hbank1                      bank1        000000
__Hbank2                      bank2        000000
__Hbank3                      bank3        000000
__Hbank4                      bank4        000000
__Hbank5                      bank5        000000
__Hbigbss                     bigbss       000000
__Hbigdata                    bigdata      000000
__Hbigram                     bigram       000000
__Hbss                        bss          000000
__Hcinit                      cinit        000000
__Hclrtext                    clrtext      000000
__Hcomram                     comram       000000
__Hconfig                     config       30000E
__Hconst                      const        000000
__HcstackCOMRAM               cstackCOMRAM 000000
__Hdata                       data         000000
__HdataCOMRAM                 dataCOMRAM   000000
__Heeprom_data                eeprom_data  000000
__Hfarbss                     farbss       000000
__Hfardata                    fardata      000000
__Hibigdata                   ibigdata     000000
__Hidata                      idata        000000
__HidataCOMRAM                idataCOMRAM  000000
__Hidloc                      idloc        200008
__Hifardata                   ifardata     000000
__Hinit                       init         000074
__Hintcode                    intcode      00000E
__Hintcode_body               intcode_body 000000
__Hintcodelo                  intcodelo    000070
__Hintentry                   intentry     000000
__Hintret                     intret       000000
__Hintsave_regs               intsave_regs 000000
__Hirdata                     irdata       000000
__Hmediumconst                mediumconst  000000
__HnvFARRAM                   nvFARRAM     000000
__Hnvbit                      nvbit        000000
__Hnvrram                     nvrram       000000
__Hparam                      rparam       000000
__Hpowerup                    powerup      000070
__Hram                        ram          000000
__Hramtop                     ramtop       000600
__Hrbit                       rbit         000000
__Hrbss                       rbss         000000
__Hrdata                      rdata        000000
__Hreset_vec                  reset_vec    000004
__Hrparam                     rparam       000000
__Hsfr                        sfr          000000
__Hsmallconst                 smallconst   000000
__Hspace_0                    (abs)        000600
__Hspace_1                    (abs)        000035
__Hspace_2                    (abs)        000000
__Hspace_4                    (abs)        60000E
__Hstack                      stack        000000
__Hstruct                     struct       000000
__Htemp                       temp         000035
__Htext                       text         000000
__Htext0                      text0        000000
__Htext1                      text1        000000
__Htext2                      text2        000000
__Htext3                      text3        000000
__Htext4                      text4        000000
__LRAM                        (abs)        000001
__Labs1                       abs1         000000
__Lbank0                      bank0        000000
__Lbank1                      bank1        000000
__Lbank2                      bank2        000000
__Lbank3                      bank3        000000
__Lbank4                      bank4        000000
__Lbank5                      bank5        000000
__Lbigbss                     bigbss       000000
__Lbigdata                    bigdata      000000
__Lbigram                     bigram       000000
__Lbss                        bss          000000
__Lcinit                      cinit        000000
__Lclrtext                    clrtext      000000
__Lcomram                     comram       000000
__Lconfig                     config       000000
__Lconst                      const        000000
__LcstackCOMRAM               cstackCOMRAM 000000
__Ldata                       data         000000
__LdataCOMRAM                 dataCOMRAM   000000
__Leeprom_data                eeprom_data  000000
__Lfarbss                     farbss       000000
__Lfardata                    fardata      000000
__Libigdata                   ibigdata     000000
__Lidata                      idata        000000
__LidataCOMRAM                idataCOMRAM  000000
__Lidloc                      idloc        000000
__Lifardata                   ifardata     000000
__Linit                       init         000070
__Lintcode                    intcode      000008
__Lintcode_body               intcode_body 000000
__Lintcodelo                  intcodelo    000018
__Lintentry                   intentry     000000
__Lintret                     intret       000000
__Lintsave_regs               intsave_regs 000000
__Lirdata                     irdata       000000
__Lmediumconst                mediumconst  000000
__LnvFARRAM                   nvFARRAM     000000
__Lnvbit                      nvbit        000000
__Lnvrram                     nvrram       000000
__Lparam                      rparam       000000
__Lpowerup                    powerup      000070
__Lram                        ram          000000
__Lramtop                     ramtop       000600
__Lrbit                       rbit         000000
__Lrbss                       rbss         000000
__Lrdata                      rdata        000000
__Lreset_vec                  reset_vec    000000
__Lrparam                     rparam       000000
__Lsfr                        sfr          000000
__Lsmallconst                 smallconst   000000
__Lspace_0                    (abs)        000000
__Lspace_1                    (abs)        000000
__Lspace_2                    (abs)        000000
__Lspace_4                    (abs)        000000
__Lstack                      stack        000000
__Lstruct                     struct       000000
__Ltemp                       temp         000034
__Ltext                       text         000000
__Ltext0                      text0        000000
__Ltext1                      text1        000000
__Ltext2                      text2        000000
__Ltext3                      text3        000000
__Ltext4                      text4        000000
__S0                          (abs)        0002BB
__S1                          (abs)        000035
__S2                          (abs)        000000
__S4                          (abs)        000000
__S5                          (abs)        000000
___inthi_sp                   stack        000000
___intlo_sp                   stack        000000
___lldiv                      text4        000074
___lldiv@counter              cstackCOMRAM 000012
___lldiv@dividend             cstackCOMRAM 000006
___lldiv@divisor              cstackCOMRAM 00000A
___lldiv@quotient             cstackCOMRAM 00000E
___param_bank                 (abs)        000000
___rparam_used                (abs)        000001
___sp                         stack        000000
__accesstop                   (abs)        000080
__activetblptr                (abs)        000000
__end_of_UART_Init            text3        0001AC
__end_of_UART_Write           text2        0002AA
__end_of_UART_Write_Text      text1        00022E
__end_of___lldiv              text4        000118
__end_of__initialization      cinit        00028A
__end_of_high_isr             intcode_body 00026A
__end_of_low_isr              intcodelo    000070
__end_of_main                 text0        0001EE
__initialization              cinit        00026A
__mediumconst                 mediumconst  000000
__pcinit                      cinit        00026A
__pcstackCOMRAM               cstackCOMRAM 000001
__pdataCOMRAM                 dataCOMRAM   000023
__pidataCOMRAM                idataCOMRAM  0002AA
__pintcode                    intcode      000008
__pintcode_body               intcode_body 00022E
__pintcodelo                  intcodelo    000018
__ptext0                      text0        0001AC
__ptext1                      text1        0001EE
__ptext2                      text2        000294
__ptext3                      text3        000118
__ptext4                      text4        000074
__ramtop                      ramtop       000600
__size_of_UART_Init           (abs)        000000
__size_of_UART_Write          (abs)        000000
__size_of_UART_Write_Text     (abs)        000000
__size_of___lldiv             (abs)        000000
__size_of_high_isr            (abs)        000000
__size_of_low_isr             (abs)        000000
__size_of_main                (abs)        000000
__smallconst                  smallconst   000000
_data                         dataCOMRAM   000023
_high_isr                     intcode      000008
_low_isr                      intcodelo    000018
_main                         text0        0001AC
btemp                         temp         000034
end_of_initialization         cinit        00028A
int$flags                     temp         000034
int_func                      intcode_body 00022E
intlevel0                     text         000000
intlevel1                     text         000000
intlevel2                     text         000000
intlevel3                     text         000000
isa$std                       (abs)        000001
isa$xinst                     (abs)        000000
stackhi                       (abs)        0005FF
stacklo                       (abs)        000080
start                         init         000070
start_initialization          cinit        00026A
ttemp5                        temp         000035
ttemp6                        temp         000038
ttemp7                        temp         00003C
wtemp8                        temp         000035


MODULE INFORMATION

Module		Function		Class		Link	Load	Size
shared
		__initialization		CODE           	026A	0000	32

shared estimated size: 32

C:\Program Files\Microchip\xc8\v2.32\pic\sources\c99\common\__lldiv.c
		___lldiv       		CODE           	0074	0000	164

C:\Program Files\Microchip\xc8\v2.32\pic\sources\c99\common\__lldiv.c estimated size: 164

main.c
		_UART_Init     		CODE           	0118	0000	148
		_main          		CODE           	01AC	0000	66
		_high_isr      		CODE           	0008	0000	66
		_UART_Write_Text		CODE           	01EE	0000	64
		_UART_Write    		CODE           	0294	0000	22
		_low_isr       		CODE           	0018	0000	88

main.c estimated size: 454

